   1               		.file	"keymap_poker.c"
   2               	__SP_H__ = 0x3e
   3               	__SP_L__ = 0x3d
   4               	__SREG__ = 0x3f
   5               	__tmp_reg__ = 0
   6               	__zero_reg__ = 1
   7               		.text
   8               	.Ltext0:
   9               		.cfi_sections	.debug_frame
  10               	.global	fn_actions
  11               		.section	.progmem.data.fn_actions,"a",@progbits
  14               	fn_actions:
  15               	.global	keymaps
  16               		.section	.progmem.data.keymaps,"a",@progbits
  19               	keymaps:
  20 0000 29        		.byte	41
  21 0001 1E        		.byte	30
  22 0002 1F        		.byte	31
  23 0003 20        		.byte	32
  24 0004 21        		.byte	33
  25 0005 22        		.byte	34
  26 0006 23        		.byte	35
  27 0007 24        		.byte	36
  28 0008 25        		.byte	37
  29 0009 26        		.byte	38
  30 000a 27        		.byte	39
  31 000b 2D        		.byte	45
  32 000c 2E        		.byte	46
  33 000d 2A        		.byte	42
  34 000e 2B        		.byte	43
  35 000f 14        		.byte	20
  36 0010 1A        		.byte	26
  37 0011 08        		.byte	8
  38 0012 15        		.byte	21
  39 0013 17        		.byte	23
  40 0014 1C        		.byte	28
  41 0015 18        		.byte	24
  42 0016 0C        		.byte	12
  43 0017 12        		.byte	18
  44 0018 13        		.byte	19
  45 0019 2F        		.byte	47
  46 001a 30        		.byte	48
  47 001b 00        		.zero	1
  48 001c E0        		.byte	-32
  49 001d 04        		.byte	4
  50 001e 16        		.byte	22
  51 001f 07        		.byte	7
  52 0020 09        		.byte	9
  53 0021 0A        		.byte	10
  54 0022 0B        		.byte	11
  55 0023 0D        		.byte	13
  56 0024 0E        		.byte	14
  57 0025 0F        		.byte	15
  58 0026 33        		.byte	51
  59 0027 34        		.byte	52
  60 0028 00        		.byte	0
  61 0029 28        		.byte	40
  62 002a E1        		.byte	-31
  63 002b 00        		.byte	0
  64 002c 1D        		.byte	29
  65 002d 1B        		.byte	27
  66 002e 06        		.byte	6
  67 002f 19        		.byte	25
  68 0030 05        		.byte	5
  69 0031 11        		.byte	17
  70 0032 10        		.byte	16
  71 0033 36        		.byte	54
  72 0034 37        		.byte	55
  73 0035 38        		.byte	56
  74 0036 E5        		.byte	-27
  75 0037 E7        		.byte	-25
  76 0038 E2        		.byte	-30
  77 0039 00        		.byte	0
  78 003a 00        		.byte	0
  79 003b E2        		.byte	-30
  80 003c 00        		.byte	0
  81 003d 00        		.byte	0
  82 003e 00        		.byte	0
  83 003f 2C        		.byte	44
  84 0040 00        		.byte	0
  85 0041 00        		.byte	0
  86 0042 00        		.byte	0
  87 0043 C0        		.byte	-64
  88 0044 00        		.byte	0
  89 0045 E4        		.byte	-28
  90               		.text
  91               	.Letext0:
  92               		.file 1 "/usr/avr/include/stdint.h"
  93               		.file 2 "../../tmk_core/common/keycode.h"
  94               		.file 3 "../../tmk_core/common/action_code.h"
  95               		.file 4 "../../tmk_core/protocol/lufa/LUFA-git/LUFA/Drivers/USB/Core/AVR8/../StdRequestType.h"
  96               		.file 5 "../../tmk_core/protocol/lufa/LUFA-git/LUFA/Drivers/USB/Core/AVR8/../DeviceStandardReq.h"
  97               		.file 6 "../../tmk_core/protocol/lufa/LUFA-git/LUFA/Drivers/USB/Core/USBTask.h"
  98               		.file 7 "../../tmk_core/protocol/lufa/LUFA-git/LUFA/Drivers/USB/Core/HostStandardReq.h"
  99               		.file 8 "/usr/avr/include/stdio.h"
 100               		.file 9 "../../tmk_core/common/host.h"
 101               		.file 10 "../../tmk_core/common/avr/xprintf.h"
 102               		.file 11 "../../tmk_core/common/debug.h"
 103               		.file 12 "keymap_poker.c"
DEFINED SYMBOLS
                            *ABS*:0000000000000000 keymap_poker.c
     /tmp/ccl0oqul.s:2      *ABS*:000000000000003e __SP_H__
     /tmp/ccl0oqul.s:3      *ABS*:000000000000003d __SP_L__
     /tmp/ccl0oqul.s:4      *ABS*:000000000000003f __SREG__
     /tmp/ccl0oqul.s:5      *ABS*:0000000000000000 __tmp_reg__
     /tmp/ccl0oqul.s:6      *ABS*:0000000000000001 __zero_reg__
     /tmp/ccl0oqul.s:14     .progmem.data.fn_actions:0000000000000000 fn_actions
     /tmp/ccl0oqul.s:19     .progmem.data.keymaps:0000000000000000 keymaps

NO UNDEFINED SYMBOLS
