Archive member included to satisfy reference by file (symbol)

/usr/lib/gcc/avr/6.2.0/../../../../avr/lib/avr5/libm.a(fixsfsi.o)
                              obj_gh60_lufa/common/mousekey.o (__fixsfsi)
/usr/lib/gcc/avr/6.2.0/../../../../avr/lib/avr5/libm.a(fixunssfsi.o)
                              /usr/lib/gcc/avr/6.2.0/../../../../avr/lib/avr5/libm.a(fixsfsi.o) (__fixunssfsi)
/usr/lib/gcc/avr/6.2.0/../../../../avr/lib/avr5/libm.a(floatsisf.o)
                              obj_gh60_lufa/common/mousekey.o (__floatsisf)
/usr/lib/gcc/avr/6.2.0/../../../../avr/lib/avr5/libm.a(fp_split3.o)
                              /usr/lib/gcc/avr/6.2.0/../../../../avr/lib/avr5/libm.a(fixunssfsi.o) (__fp_splitA)
/usr/lib/gcc/avr/6.2.0/../../../../avr/lib/avr5/libm.a(fp_zero.o)
                              /usr/lib/gcc/avr/6.2.0/../../../../avr/lib/avr5/libm.a(fixunssfsi.o) (__fp_zero)
/usr/lib/gcc/avr/6.2.0/../../../../avr/lib/avr5/libm.a(mulsf3.o)
                              obj_gh60_lufa/common/mousekey.o (__mulsf3)
/usr/lib/gcc/avr/6.2.0/../../../../avr/lib/avr5/libm.a(mulsf3x.o)
                              /usr/lib/gcc/avr/6.2.0/../../../../avr/lib/avr5/libm.a(mulsf3.o) (__mulsf3x)
/usr/lib/gcc/avr/6.2.0/../../../../avr/lib/avr5/libm.a(fp_inf.o)
                              /usr/lib/gcc/avr/6.2.0/../../../../avr/lib/avr5/libm.a(mulsf3x.o) (__fp_inf)
/usr/lib/gcc/avr/6.2.0/../../../../avr/lib/avr5/libm.a(fp_nan.o)
                              /usr/lib/gcc/avr/6.2.0/../../../../avr/lib/avr5/libm.a(mulsf3x.o) (__fp_nan)
/usr/lib/gcc/avr/6.2.0/../../../../avr/lib/avr5/libm.a(fp_pscA.o)
                              /usr/lib/gcc/avr/6.2.0/../../../../avr/lib/avr5/libm.a(mulsf3x.o) (__fp_pscA)
/usr/lib/gcc/avr/6.2.0/../../../../avr/lib/avr5/libm.a(fp_pscB.o)
                              /usr/lib/gcc/avr/6.2.0/../../../../avr/lib/avr5/libm.a(mulsf3x.o) (__fp_pscB)
/usr/lib/gcc/avr/6.2.0/../../../../avr/lib/avr5/libm.a(fp_round.o)
                              /usr/lib/gcc/avr/6.2.0/../../../../avr/lib/avr5/libm.a(mulsf3.o) (__fp_round)
/usr/lib/gcc/avr/6.2.0/avr5/libgcc.a(_udivmodqi4.o)
                              obj_gh60_lufa/protocol/lufa/lufa.o (__udivmodqi4)
/usr/lib/gcc/avr/6.2.0/avr5/libgcc.a(_divmodhi4.o)
                              obj_gh60_lufa/common/mousekey.o (__divmodhi4)
/usr/lib/gcc/avr/6.2.0/avr5/libgcc.a(_exit.o)
                              /usr/lib/gcc/avr/6.2.0/../../../../avr/lib/avr5/crtatmega32u4.o (exit)
/usr/lib/gcc/avr/6.2.0/avr5/libgcc.a(_tablejump2.o)
                              obj_gh60_lufa/protocol/lufa/LUFA-git/LUFA/Drivers/USB/Core/DeviceStandardReq.o (__tablejump2__)
/usr/lib/gcc/avr/6.2.0/avr5/libgcc.a(_copy_data.o)
                              obj_gh60_lufa/matrix.o (__do_copy_data)
/usr/lib/gcc/avr/6.2.0/avr5/libgcc.a(_clear_bss.o)
                              obj_gh60_lufa/matrix.o (__do_clear_bss)
/usr/lib/gcc/avr/6.2.0/avr5/libgcc.a(_udivmodhi4.o)
                              /usr/lib/gcc/avr/6.2.0/avr5/libgcc.a(_divmodhi4.o) (__udivmodhi4)
/usr/lib/gcc/avr/6.2.0/../../../../avr/lib/avr5/libatmega32u4.a(eerd_byte.o)
                              obj_gh60_lufa/protocol/lufa/LUFA-git/LUFA/Drivers/USB/Core/AVR8/EndpointStream_AVR8.o (eeprom_read_byte)
/usr/lib/gcc/avr/6.2.0/../../../../avr/lib/avr5/libatmega32u4.a(eerd_word.o)
                              obj_gh60_lufa/common/avr/eeconfig.o (eeprom_read_word)
/usr/lib/gcc/avr/6.2.0/../../../../avr/lib/avr5/libatmega32u4.a(eeupd_byte.o)
                              obj_gh60_lufa/protocol/lufa/LUFA-git/LUFA/Drivers/USB/Core/AVR8/EndpointStream_AVR8.o (eeprom_update_byte)
/usr/lib/gcc/avr/6.2.0/../../../../avr/lib/avr5/libatmega32u4.a(eewr_byte.o)
                              obj_gh60_lufa/common/avr/eeconfig.o (eeprom_write_byte)
/usr/lib/gcc/avr/6.2.0/../../../../avr/lib/avr5/libatmega32u4.a(eewr_word.o)
                              obj_gh60_lufa/common/avr/eeconfig.o (eeprom_write_word)
/usr/lib/gcc/avr/6.2.0/../../../../avr/lib/avr5/libatmega32u4.a(eerd_block.o)
                              /usr/lib/gcc/avr/6.2.0/../../../../avr/lib/avr5/libatmega32u4.a(eerd_word.o) (eeprom_read_blraw)

Allocating common symbols
Common symbol       size              file

USB_IsInitialized   0x1               obj_gh60_lufa/protocol/lufa/LUFA-git/LUFA/Drivers/USB/Core/USBTask.o
keymap_config       0x1               obj_gh60_lufa/common/bootmagic.o
USB_DeviceState     0x1               obj_gh60_lufa/protocol/lufa/LUFA-git/LUFA/Drivers/USB/Core/USBTask.o
USB_Device_ConfigurationNumber
                    0x1               obj_gh60_lufa/protocol/lufa/LUFA-git/LUFA/Drivers/USB/Core/DeviceStandardReq.o
USB_Device_CurrentlySelfPowered
                    0x1               obj_gh60_lufa/protocol/lufa/LUFA-git/LUFA/Drivers/USB/Core/DeviceStandardReq.o
USB_ControlRequest  0x8               obj_gh60_lufa/protocol/lufa/LUFA-git/LUFA/Drivers/USB/Core/USBTask.o
USB_Device_RemoteWakeupEnabled
[...]
Memory Configuration

Name             Origin             Length             Attributes
text             0x0000000000000000 0x0000000000020000 xr
data             0x0000000000800060 0x000000000000ffa0 rw !x
eeprom           0x0000000000810000 0x0000000000010000 rw !x
fuse             0x0000000000820000 0x0000000000000003 rw !x
lock             0x0000000000830000 0x0000000000000400 rw !x
signature        0x0000000000840000 0x0000000000000400 rw !x
user_signatures  0x0000000000850000 0x0000000000000400 rw !x
*default*        0x0000000000000000 0xffffffffffffffff

Linker script and memory map

Address of section .data set to 0x800100
LOAD /usr/lib/gcc/avr/6.2.0/../../../../avr/lib/avr5/crtatmega32u4.o
LOAD obj_gh60_lufa/keymap_poker.o
LOAD obj_gh60_lufa/matrix.o
LOAD obj_gh60_lufa/led.o
LOAD obj_gh60_lufa/protocol/lufa/lufa.o
LOAD obj_gh60_lufa/protocol/lufa/descriptor.o
LOAD obj_gh60_lufa/protocol/lufa/LUFA-git/LUFA/Drivers/USB/Class/Common/HIDParser.o
LOAD obj_gh60_lufa/protocol/lufa/LUFA-git/LUFA/Drivers/USB/Core/AVR8/Device_AVR8.o
LOAD obj_gh60_lufa/protocol/lufa/LUFA-git/LUFA/Drivers/USB/Core/AVR8/EndpointStream_AVR8.o
LOAD obj_gh60_lufa/protocol/lufa/LUFA-git/LUFA/Drivers/USB/Core/AVR8/Endpoint_AVR8.o
LOAD obj_gh60_lufa/protocol/lufa/LUFA-git/LUFA/Drivers/USB/Core/AVR8/Host_AVR8.o
LOAD obj_gh60_lufa/protocol/lufa/LUFA-git/LUFA/Drivers/USB/Core/AVR8/PipeStream_AVR8.o
LOAD obj_gh60_lufa/protocol/lufa/LUFA-git/LUFA/Drivers/USB/Core/AVR8/Pipe_AVR8.o
LOAD obj_gh60_lufa/protocol/lufa/LUFA-git/LUFA/Drivers/USB/Core/AVR8/USBController_AVR8.o
LOAD obj_gh60_lufa/protocol/lufa/LUFA-git/LUFA/Drivers/USB/Core/AVR8/USBInterrupt_AVR8.o
LOAD obj_gh60_lufa/protocol/lufa/LUFA-git/LUFA/Drivers/USB/Core/ConfigDescriptors.o
LOAD obj_gh60_lufa/protocol/lufa/LUFA-git/LUFA/Drivers/USB/Core/DeviceStandardReq.o
LOAD obj_gh60_lufa/protocol/lufa/LUFA-git/LUFA/Drivers/USB/Core/Events.o
LOAD obj_gh60_lufa/protocol/lufa/LUFA-git/LUFA/Drivers/USB/Core/HostStandardReq.o
LOAD obj_gh60_lufa/protocol/lufa/LUFA-git/LUFA/Drivers/USB/Core/USBTask.o
LOAD obj_gh60_lufa/common/host.o
LOAD obj_gh60_lufa/common/keyboard.o
LOAD obj_gh60_lufa/common/matrix.o
LOAD obj_gh60_lufa/common/action.o
LOAD obj_gh60_lufa/common/action_tapping.o
LOAD obj_gh60_lufa/common/action_macro.o
LOAD obj_gh60_lufa/common/action_layer.o
LOAD obj_gh60_lufa/common/action_util.o
LOAD obj_gh60_lufa/common/print.o
LOAD obj_gh60_lufa/common/debug.o
LOAD obj_gh60_lufa/common/util.o
LOAD obj_gh60_lufa/common/hook.o
LOAD obj_gh60_lufa/common/avr/suspend.o
LOAD obj_gh60_lufa/common/avr/xprintf.o
LOAD obj_gh60_lufa/common/avr/timer.o
LOAD obj_gh60_lufa/common/avr/bootloader.o
LOAD obj_gh60_lufa/common/keymap.o
LOAD obj_gh60_lufa/common/bootmagic.o
LOAD obj_gh60_lufa/common/avr/eeconfig.o
LOAD obj_gh60_lufa/common/mousekey.o
LOAD obj_gh60_lufa/common/command.o
LOAD /usr/lib/gcc/avr/6.2.0/../../../../avr/lib/avr5/libm.a
START GROUP
LOAD /usr/lib/gcc/avr/6.2.0/avr5/libgcc.a
LOAD /usr/lib/gcc/avr/6.2.0/../../../../avr/lib/avr5/libm.a
LOAD /usr/lib/gcc/avr/6.2.0/../../../../avr/lib/avr5/libc.a
LOAD /usr/lib/gcc/avr/6.2.0/../../../../avr/lib/avr5/libatmega32u4.a
END GROUP
                0x0000000000020000                __TEXT_REGION_LENGTH__ = DEFINED (__TEXT_REGION_LENGTH__)?__TEXT_REGION_LENGTH__:0x20000
                0x000000000000ffa0                __DATA_REGION_LENGTH__ = DEFINED (__DATA_REGION_LENGTH__)?__DATA_REGION_LENGTH__:0xffa0
                0x0000000000010000                __EEPROM_REGION_LENGTH__ = DEFINED (__EEPROM_REGION_LENGTH__)?__EEPROM_REGION_LENGTH__:0x10000
                [0x0000000000000003]                __FUSE_REGION_LENGTH__ = DEFINED (__FUSE_REGION_LENGTH__)?__FUSE_REGION_LENGTH__:0x400
                0x0000000000000400                __LOCK_REGION_LENGTH__ = DEFINED (__LOCK_REGION_LENGTH__)?__LOCK_REGION_LENGTH__:0x400
                0x0000000000000400                __SIGNATURE_REGION_LENGTH__ = DEFINED (__SIGNATURE_REGION_LENGTH__)?__SIGNATURE_REGION_LENGTH__:0x400
                0x0000000000000400                __USER_SIGNATURE_REGION_LENGTH__ = DEFINED (__USER_SIGNATURE_REGION_LENGTH__)?__USER_SIGNATURE_REGION_LENGTH__:0x400

.hash
 *(.hash)

.dynsym
 *(.dynsym)

.dynstr
 *(.dynstr)

.gnu.version
 *(.gnu.version)

.gnu.version_d
 *(.gnu.version_d)

.gnu.version_r
 *(.gnu.version_r)

.rel.init
 *(.rel.init)

.rela.init
 *(.rela.init)

.rel.text
 *(.rel.text)
 *(.rel.text.*)
 *(.rel.gnu.linkonce.t*)

.rela.text
 *(.rela.text)
 *(.rela.text.*)
 *(.rela.gnu.linkonce.t*)

.rel.fini
 *(.rel.fini)

.rela.fini
 *(.rela.fini)

.rel.rodata
 *(.rel.rodata)
 *(.rel.rodata.*)
 *(.rel.gnu.linkonce.r*)

.rela.rodata
 *(.rela.rodata)
 *(.rela.rodata.*)
 *(.rela.gnu.linkonce.r*)

.rel.data
 *(.rel.data)
 *(.rel.data.*)
 *(.rel.gnu.linkonce.d*)

.rela.data
 *(.rela.data)
 *(.rela.data.*)
 *(.rela.gnu.linkonce.d*)

.rel.ctors
 *(.rel.ctors)

.rela.ctors
 *(.rela.ctors)

.rel.dtors
 *(.rel.dtors)

.rela.dtors
 *(.rela.dtors)

.rel.got
 *(.rel.got)

.rela.got
 *(.rela.got)

.rel.bss
 *(.rel.bss)

.rela.bss
 *(.rela.bss)

.rel.plt
 *(.rel.plt)

.rela.plt
 *(.rela.plt)

.text           0x0000000000000000     0x546e
 *(.vectors)
 .vectors       0x0000000000000000       0xac /usr/lib/gcc/avr/6.2.0/../../../../avr/lib/avr5/crtatmega32u4.o
                0x0000000000000000                __vectors
                0x0000000000000000                __vector_default
 *(.vectors)
 *(.progmem.gcc*)
                0x00000000000000ac                . = ALIGN (0x2)
                0x00000000000000ac                __trampolines_start = .
 *(.trampolines)
 .trampolines   0x00000000000000ac        0x0 linker stubs
 *(.trampolines*)
                0x00000000000000ac                __trampolines_end = .
 *libprintf_flt.a:*(.progmem.data)
 *libc.a:*(.progmem.data)
 *(.progmem*)
 .progmem.data.fn_actions
                0x00000000000000ac        0x0 obj_gh60_lufa/keymap_poker.o
                0x00000000000000ac                fn_actions
 .progmem.data.keymaps
                0x00000000000000ac       0x46 obj_gh60_lufa/keymap_poker.o
                0x00000000000000ac                keymaps
 .progmem.data.__c.1920
                0x00000000000000f2        0x2 obj_gh60_lufa/matrix.o
 .progmem.data.__c.1918
                0x00000000000000f4        0x5 obj_gh60_lufa/matrix.o
 .progmem.data.__c.1916
                0x00000000000000f9        0xa obj_gh60_lufa/matrix.o
 .progmem.data.__c.4969
                0x0000000000000103       0x11 obj_gh60_lufa/protocol/lufa/lufa.o
 .progmem.data.__c.4967
                0x0000000000000114       0x11 obj_gh60_lufa/protocol/lufa/lufa.o
 .progmem.data.__c.4962
                0x0000000000000125        0x8 obj_gh60_lufa/protocol/lufa/lufa.o
 .progmem.data.__c.4856
                0x000000000000012d        0x4 obj_gh60_lufa/protocol/lufa/lufa.o
 .progmem.data.__c.4851
                0x0000000000000131        0x4 obj_gh60_lufa/protocol/lufa/lufa.o
 .progmem.data.ProductString
                0x0000000000000135        0xc obj_gh60_lufa/protocol/lufa/descriptor.o
                0x0000000000000135                ProductString
 .progmem.data.ManufacturerString
                0x0000000000000141       0x14 obj_gh60_lufa/protocol/lufa/descriptor.o
                0x0000000000000141                ManufacturerString
 .progmem.data.LanguageString
                0x0000000000000155        0x4 obj_gh60_lufa/protocol/lufa/descriptor.o
                0x0000000000000155                LanguageString
 .progmem.data.ConfigurationDescriptor
                0x0000000000000159       0x8d obj_gh60_lufa/protocol/lufa/descriptor.o
                0x0000000000000159                ConfigurationDescriptor
 .progmem.data.DeviceDescriptor
                0x00000000000001e6       0x12 obj_gh60_lufa/protocol/lufa/descriptor.o
                0x00000000000001e6                DeviceDescriptor
 .progmem.data.NKROReport
                0x00000000000001f8       0x39 obj_gh60_lufa/protocol/lufa/descriptor.o
                0x00000000000001f8                NKROReport
 .progmem.data.ConsoleReport
                0x0000000000000231       0x22 obj_gh60_lufa/protocol/lufa/descriptor.o
                0x0000000000000231                ConsoleReport
 .progmem.data.ExtrakeyReport
                0x0000000000000253       0x36 obj_gh60_lufa/protocol/lufa/descriptor.o
                0x0000000000000253                ExtrakeyReport
 .progmem.data.MouseReport
                0x0000000000000289       0x4d obj_gh60_lufa/protocol/lufa/descriptor.o
                0x0000000000000289                MouseReport
 .progmem.data.KeyboardReport
                0x00000000000002d6       0x40 obj_gh60_lufa/protocol/lufa/descriptor.o
                0x00000000000002d6                KeyboardReport
 .progmem.data.__c.4575
                0x0000000000000316       0x10 obj_gh60_lufa/common/host.o
 .progmem.data.__c.4570
                0x0000000000000326        0xe obj_gh60_lufa/common/host.o
 .progmem.data.__c.4562
                0x0000000000000334        0x2 obj_gh60_lufa/common/host.o
 .progmem.data.__c.4557
                0x0000000000000336        0x6 obj_gh60_lufa/common/host.o
 .progmem.data.__c.4554
                0x000000000000033c        0xb obj_gh60_lufa/common/host.o
 .progmem.data.__c.4917
                0x0000000000000347        0xb obj_gh60_lufa/common/keyboard.o
 .progmem.data.__c.1776
                0x0000000000000352        0xf obj_gh60_lufa/common/matrix.o
 .progmem.data.__c.1773
                0x0000000000000361       0x16 obj_gh60_lufa/common/matrix.o
 .progmem.data.__c.4702
                0x0000000000000377       0x1e obj_gh60_lufa/common/action_util.o
 .progmem.data.__c.4697
                0x0000000000000395       0x1e obj_gh60_lufa/common/action_util.o
 .progmem.data.__c.4869
                0x00000000000003b3        0x7 obj_gh60_lufa/common/bootmagic.o
 .progmem.data.__c.4863
                0x00000000000003ba       0x15 obj_gh60_lufa/common/bootmagic.o
 .progmem.data.__c.4634
                0x00000000000003cf        0x3 obj_gh60_lufa/common/mousekey.o
 .progmem.data.__c.4632
                0x00000000000003d2        0x3 obj_gh60_lufa/common/mousekey.o
 .progmem.data.__c.4630
                0x00000000000003d5        0x2 obj_gh60_lufa/common/mousekey.o
 .progmem.data.__c.4628
                0x00000000000003d7        0x3 obj_gh60_lufa/common/mousekey.o
 .progmem.data.__c.4626
                0x00000000000003da        0x3 obj_gh60_lufa/common/mousekey.o
 .progmem.data.__c.4624
                0x00000000000003dd        0x3 obj_gh60_lufa/common/mousekey.o
 .progmem.data.__c.4622
                0x00000000000003e0        0x2 obj_gh60_lufa/common/mousekey.o
 .progmem.data.__c.4620
                0x00000000000003e2        0x3 obj_gh60_lufa/common/mousekey.o
 .progmem.data.__c.4618
                0x00000000000003e5        0x2 obj_gh60_lufa/common/mousekey.o
 .progmem.data.__c.4616
                0x00000000000003e7        0x3 obj_gh60_lufa/common/mousekey.o
 .progmem.data.__c.4614
                0x00000000000003ea        0x2 obj_gh60_lufa/common/mousekey.o
 .progmem.data.__c.4612
                0x00000000000003ec        0x3 obj_gh60_lufa/common/mousekey.o
 .progmem.data.__c.4610
                0x00000000000003ef        0x2 obj_gh60_lufa/common/mousekey.o
 .progmem.data.__c.4608
                0x00000000000003f1        0x5 obj_gh60_lufa/common/mousekey.o
 .progmem.data.__c.4606
                0x00000000000003f6       0x23 obj_gh60_lufa/common/mousekey.o
 .progmem.data.__c.5242
                0x0000000000000419       0x1b obj_gh60_lufa/common/command.o
 .progmem.data.__c.5239
                0x0000000000000434       0x19 obj_gh60_lufa/common/command.o
 .progmem.data.__c.5236
                0x000000000000044d       0x15 obj_gh60_lufa/common/command.o
 .progmem.data.__c.5233
                0x0000000000000462       0x13 obj_gh60_lufa/common/command.o
 .progmem.data.__c.5230
                0x0000000000000475       0x12 obj_gh60_lufa/common/command.o
 .progmem.data.__c.5226
                0x0000000000000487        0xf obj_gh60_lufa/common/command.o
 .progmem.data.__c.5219
                0x0000000000000496       0x1b obj_gh60_lufa/common/command.o
 .progmem.data.__c.5216
                0x00000000000004b1       0x19 obj_gh60_lufa/common/command.o
 .progmem.data.__c.5213
                0x00000000000004ca       0x15 obj_gh60_lufa/common/command.o
 .progmem.data.__c.5210
                0x00000000000004df       0x13 obj_gh60_lufa/common/command.o
 .progmem.data.__c.5207
                0x00000000000004f2       0x12 obj_gh60_lufa/common/command.o
 .progmem.data.__c.5203
                0x0000000000000504        0xf obj_gh60_lufa/common/command.o
 .progmem.data.__c.5196
                0x0000000000000513        0x2 obj_gh60_lufa/common/command.o
 .progmem.data.__c.5194
                0x0000000000000515        0x3 obj_gh60_lufa/common/command.o
 .progmem.data.__c.5192
                0x0000000000000518       0x17 obj_gh60_lufa/common/command.o
 .progmem.data.__c.5190
                0x000000000000052f        0x2 obj_gh60_lufa/common/command.o
 .progmem.data.__c.5188
                0x0000000000000531        0x3 obj_gh60_lufa/common/command.o
 .progmem.data.__c.5186
                0x0000000000000534       0x15 obj_gh60_lufa/common/command.o
 .progmem.data.__c.5184
                0x0000000000000549        0x2 obj_gh60_lufa/common/command.o
 .progmem.data.__c.5182
                0x000000000000054b        0x3 obj_gh60_lufa/common/command.o
 .progmem.data.__c.5180
                0x000000000000054e       0x11 obj_gh60_lufa/common/command.o
 .progmem.data.__c.5178
                0x000000000000055f        0x2 obj_gh60_lufa/common/command.o
 .progmem.data.__c.5176
                0x0000000000000561        0x3 obj_gh60_lufa/common/command.o
 .progmem.data.__c.5174
                0x0000000000000564        0xf obj_gh60_lufa/common/command.o
 .progmem.data.__c.5172
                0x0000000000000573        0x2 obj_gh60_lufa/common/command.o
 .progmem.data.__c.5170
                0x0000000000000575        0x3 obj_gh60_lufa/common/command.o
 .progmem.data.__c.5168
                0x0000000000000578       0x12 obj_gh60_lufa/common/command.o
 .progmem.data.__c.5166
                0x000000000000058a        0x2 obj_gh60_lufa/common/command.o
 .progmem.data.__c.5164
                0x000000000000058c        0x3 obj_gh60_lufa/common/command.o
 .progmem.data.__c.5162
                0x000000000000058f       0x12 obj_gh60_lufa/common/command.o
 .progmem.data.__c.5160
                0x00000000000005a1        0xe obj_gh60_lufa/common/command.o
 .progmem.data.__c.5280
                0x00000000000005af        0x3 obj_gh60_lufa/common/command.o
 .progmem.data.__c.5278
                0x00000000000005b2        0x6 obj_gh60_lufa/common/command.o
 .progmem.data.__c.5276
                0x00000000000005b8        0x2 obj_gh60_lufa/common/command.o
 .progmem.data.__c.5273
                0x00000000000005ba        0xd obj_gh60_lufa/common/command.o
 .progmem.data.__c.5259
                0x00000000000005c7        0x4 obj_gh60_lufa/common/command.o
 .progmem.data.__c.5249
                0x00000000000005cb       0x4e obj_gh60_lufa/common/command.o
 .progmem.data.__c.5247
                0x0000000000000619       0xfb obj_gh60_lufa/common/command.o
 .progmem.data.__c.5152
                0x0000000000000714        0x2 obj_gh60_lufa/common/command.o
 .progmem.data.__c.5149
                0x0000000000000716        0x4 obj_gh60_lufa/common/command.o
 .progmem.data.__c.5154
                0x000000000000071a        0x4 obj_gh60_lufa/common/command.o
 .progmem.data.__c.5298
                0x000000000000071e        0x5 obj_gh60_lufa/common/command.o
 .progmem.data.__c.5138
                0x0000000000000723       0x27 obj_gh60_lufa/common/command.o
 .progmem.data.__c.4963
                0x000000000000074a       0xa5 obj_gh60_lufa/common/command.o
 .progmem.data.__c.5058
                0x00000000000007ef        0x2 obj_gh60_lufa/common/command.o
 .progmem.data.__c.5056
                0x00000000000007f1        0x3 obj_gh60_lufa/common/command.o
 .progmem.data.__c.5054
                0x00000000000007f4        0x8 obj_gh60_lufa/common/command.o
 .progmem.data.__c.5052
                0x00000000000007fc        0x2 obj_gh60_lufa/common/command.o
 .progmem.data.__c.5050
                0x00000000000007fe        0x3 obj_gh60_lufa/common/command.o
 .progmem.data.__c.5048
                0x0000000000000801       0x1c obj_gh60_lufa/common/command.o
 .progmem.data.__c.5046
                0x000000000000081d        0x2 obj_gh60_lufa/common/command.o
 .progmem.data.__c.5044
                0x000000000000081f        0x3 obj_gh60_lufa/common/command.o
 .progmem.data.__c.5042
                0x0000000000000822       0x12 obj_gh60_lufa/common/command.o
 .progmem.data.__c.5040
                0x0000000000000834        0x2 obj_gh60_lufa/common/command.o
 .progmem.data.__c.5038
                0x0000000000000836        0x3 obj_gh60_lufa/common/command.o
 .progmem.data.__c.5036
                0x0000000000000839        0xa obj_gh60_lufa/common/command.o
 .progmem.data.__c.5034
                0x0000000000000843        0x2 obj_gh60_lufa/common/command.o
 .progmem.data.__c.5032
                0x0000000000000845        0x3 obj_gh60_lufa/common/command.o
 .progmem.data.__c.5030
                0x0000000000000848       0x12 obj_gh60_lufa/common/command.o
 .progmem.data.__c.5028
                0x000000000000085a        0x2 obj_gh60_lufa/common/command.o
 .progmem.data.__c.5026
                0x000000000000085c        0x3 obj_gh60_lufa/common/command.o
 .progmem.data.__c.5024
                0x000000000000085f       0x12 obj_gh60_lufa/common/command.o
 .progmem.data.__c.5022
                0x0000000000000871        0x2 obj_gh60_lufa/common/command.o
 .progmem.data.__c.5020
                0x0000000000000873        0x3 obj_gh60_lufa/common/command.o
 .progmem.data.__c.5018
                0x0000000000000876       0x17 obj_gh60_lufa/common/command.o
 .progmem.data.__c.5016
                0x000000000000088d        0x2 obj_gh60_lufa/common/command.o
 .progmem.data.__c.5014
                0x000000000000088f        0x3 obj_gh60_lufa/common/command.o
 .progmem.data.__c.5012
                0x0000000000000892       0x19 obj_gh60_lufa/common/command.o
 .progmem.data.__c.5010
                0x00000000000008ab        0x2 obj_gh60_lufa/common/command.o
 .progmem.data.__c.5008
                0x00000000000008ad        0x5 obj_gh60_lufa/common/command.o
 .progmem.data.__c.5006
                0x00000000000008b2       0x14 obj_gh60_lufa/common/command.o
 .progmem.data.__c.5003
                0x00000000000008c6        0x2 obj_gh60_lufa/common/command.o
 .progmem.data.__c.5001
                0x00000000000008c8        0x3 obj_gh60_lufa/common/command.o
 .progmem.data.__c.4999
                0x00000000000008cb        0x9 obj_gh60_lufa/common/command.o
 .progmem.data.__c.4997
                0x00000000000008d4        0x2 obj_gh60_lufa/common/command.o
 .progmem.data.__c.4995
                0x00000000000008d6        0x3 obj_gh60_lufa/common/command.o
 .progmem.data.__c.4993
                0x00000000000008d9        0xc obj_gh60_lufa/common/command.o
 .progmem.data.__c.4991
                0x00000000000008e5        0x2 obj_gh60_lufa/common/command.o
 .progmem.data.__c.4989
                0x00000000000008e7        0x3 obj_gh60_lufa/common/command.o
 .progmem.data.__c.4987
                0x00000000000008ea        0xa obj_gh60_lufa/common/command.o
 .progmem.data.__c.4985
                0x00000000000008f4        0x2 obj_gh60_lufa/common/command.o
 .progmem.data.__c.4983
                0x00000000000008f6        0x3 obj_gh60_lufa/common/command.o
 .progmem.data.__c.4981
                0x00000000000008f9        0xa obj_gh60_lufa/common/command.o
 .progmem.data.__c.4979
                0x0000000000000903        0x2 obj_gh60_lufa/common/command.o
 .progmem.data.__c.4977
                0x0000000000000905        0x5 obj_gh60_lufa/common/command.o
 .progmem.data.__c.4975
                0x000000000000090a       0x13 obj_gh60_lufa/common/command.o
 .progmem.data.__c.4972
                0x000000000000091d        0x2 obj_gh60_lufa/common/command.o
 .progmem.data.__c.4970
                0x000000000000091f        0x3 obj_gh60_lufa/common/command.o
 .progmem.data.__c.4968
                0x0000000000000922       0x10 obj_gh60_lufa/common/command.o
 .progmem.data.__c.5133
                0x0000000000000932        0x2 obj_gh60_lufa/common/command.o
 .progmem.data.__c.5124
                0x0000000000000934        0xb obj_gh60_lufa/common/command.o
 .progmem.data.__c.5122
                0x000000000000093f        0xa obj_gh60_lufa/common/command.o
 .progmem.data.__c.5119
                0x0000000000000949       0x17 obj_gh60_lufa/common/command.o
 .progmem.data.__c.5117
                0x0000000000000960       0x13 obj_gh60_lufa/common/command.o
 .progmem.data.__c.5115
                0x0000000000000973       0x13 obj_gh60_lufa/common/command.o
 .progmem.data.__c.5113
                0x0000000000000986       0x17 obj_gh60_lufa/common/command.o
 .progmem.data.__c.5111
                0x000000000000099d       0x1a obj_gh60_lufa/common/command.o
 .progmem.data.__c.5109
                0x00000000000009b7        0xe obj_gh60_lufa/common/command.o
 .progmem.data.__c.5106
                0x00000000000009c5       0x2b obj_gh60_lufa/common/command.o
 .progmem.data.__c.5104
                0x00000000000009f0       0x45 obj_gh60_lufa/common/command.o
 .progmem.data.__c.5102
                0x0000000000000a35       0x27 obj_gh60_lufa/common/command.o
 .progmem.data.__c.5100
                0x0000000000000a5c       0x35 obj_gh60_lufa/common/command.o
 .progmem.data.__c.5098
                0x0000000000000a91       0x29 obj_gh60_lufa/common/command.o
 .progmem.data.__c.5096
                0x0000000000000aba        0xf obj_gh60_lufa/common/command.o
 .progmem.data.__c.5093
                0x0000000000000ac9        0xd obj_gh60_lufa/common/command.o
 .progmem.data.__c.5091
                0x0000000000000ad6        0xc obj_gh60_lufa/common/command.o
 .progmem.data.__c.5088
                0x0000000000000ae2       0x10 obj_gh60_lufa/common/command.o
 .progmem.data.__c.5086
                0x0000000000000af2        0xf obj_gh60_lufa/common/command.o
 .progmem.data.__c.5083
                0x0000000000000b01        0xe obj_gh60_lufa/common/command.o
 .progmem.data.__c.5081
                0x0000000000000b0f        0xd obj_gh60_lufa/common/command.o
 .progmem.data.__c.5078
                0x0000000000000b1c        0xc obj_gh60_lufa/common/command.o
 .progmem.data.__c.5076
                0x0000000000000b28        0xd obj_gh60_lufa/common/command.o
 .progmem.data.__c.5073
                0x0000000000000b35       0x11 obj_gh60_lufa/common/command.o
 .progmem.data.__c.5070
                0x0000000000000b46        0x4 obj_gh60_lufa/common/command.o
 .progmem.data.__c.5064
                0x0000000000000b4a        0xb obj_gh60_lufa/common/command.o
                0x0000000000000b56                . = ALIGN (0x2)
 *fill*         0x0000000000000b55        0x1 
 *(.jumptables)
 *(.jumptables*)
 *(.lowtext)
 *(.lowtext*)
                0x0000000000000b56                __ctors_start = .
 *(.ctors)
                0x0000000000000b56                __ctors_end = .
                0x0000000000000b56                __dtors_start = .
 *(.dtors)
                0x0000000000000b56                __dtors_end = .
 SORT(*)(.ctors)
 SORT(*)(.dtors)
 *(.init0)
 .init0         0x0000000000000b56        0x0 /usr/lib/gcc/avr/6.2.0/../../../../avr/lib/avr5/crtatmega32u4.o
                0x0000000000000b56                __init
 *(.init0)
 *(.init1)
 *(.init1)
 *(.init2)
 .init2         0x0000000000000b56        0xc /usr/lib/gcc/avr/6.2.0/../../../../avr/lib/avr5/crtatmega32u4.o
 *(.init2)
 *(.init3)
 .init3         0x0000000000000b62       0x54 obj_gh60_lufa/common/avr/bootloader.o
                0x0000000000000b62                bootloader_jump_after_watchdog_reset
 *(.init3)
 *(.init4)
 .init4         0x0000000000000bb6       0x16 /usr/lib/gcc/avr/6.2.0/avr5/libgcc.a(_copy_data.o)
                0x0000000000000bb6                __do_copy_data
 .init4         0x0000000000000bcc       0x10 /usr/lib/gcc/avr/6.2.0/avr5/libgcc.a(_clear_bss.o)
                0x0000000000000bcc                __do_clear_bss
 *(.init4)
 *(.init5)
 *(.init5)
 *(.init6)
 *(.init6)
 *(.init7)
 *(.init7)
 *(.init8)
 *(.init8)
 *(.init9)
 .init9         0x0000000000000bdc        0x8 /usr/lib/gcc/avr/6.2.0/../../../../avr/lib/avr5/crtatmega32u4.o
 *(.init9)
 *(.text)
 .text          0x0000000000000be4        0x4 /usr/lib/gcc/avr/6.2.0/../../../../avr/lib/avr5/crtatmega32u4.o
                0x0000000000000be4                __vector_38
                0x0000000000000be4                __vector_22
                0x0000000000000be4                __vector_28
                0x0000000000000be4                __vector_1
                0x0000000000000be4                __vector_32
                0x0000000000000be4                __vector_34
                0x0000000000000be4                __vector_24
                0x0000000000000be4                __bad_interrupt
                0x0000000000000be4                __vector_6
                0x0000000000000be4                __vector_31
                0x0000000000000be4                __vector_35
                0x0000000000000be4                __vector_39
                0x0000000000000be4                __vector_3
                0x0000000000000be4                __vector_23
                0x0000000000000be4                __vector_30
                0x0000000000000be4                __vector_25
                0x0000000000000be4                __vector_13
                0x0000000000000be4                __vector_17
                0x0000000000000be4                __vector_19
                0x0000000000000be4                __vector_7
                0x0000000000000be4                __vector_41
                0x0000000000000be4                __vector_27
                0x0000000000000be4                __vector_5
                0x0000000000000be4                __vector_33
                0x0000000000000be4                __vector_37
                0x0000000000000be4                __vector_4
                0x0000000000000be4                __vector_9
                0x0000000000000be4                __vector_2
                0x0000000000000be4                __vector_15
                0x0000000000000be4                __vector_36
                0x0000000000000be4                __vector_29
                0x0000000000000be4                __vector_40
                0x0000000000000be4                __vector_8
                0x0000000000000be4                __vector_26
                0x0000000000000be4                __vector_14
                0x0000000000000be4                __vector_16
                0x0000000000000be4                __vector_18
                0x0000000000000be4                __vector_20
                0x0000000000000be4                __vector_42
 .text          0x0000000000000be8      0x15c obj_gh60_lufa/common/avr/xprintf.o
                0x0000000000000be8                xputc
                0x0000000000000c00                xputs
                0x0000000000000c0e                xitoa
                0x0000000000000d32                __xprintf
                0x0000000000000d44                . = ALIGN (0x2)
 *(.text.*)
 .text.unselect_rows
                0x0000000000000d44        0xe obj_gh60_lufa/matrix.o
 .text.matrix_init
                0x0000000000000d52       0x46 obj_gh60_lufa/matrix.o
                0x0000000000000d52                matrix_init
 .text.matrix_scan
                0x0000000000000d98      0x25c obj_gh60_lufa/matrix.o
                0x0000000000000d98                matrix_scan
 .text.matrix_get_row
                0x0000000000000ff4       0x12 obj_gh60_lufa/matrix.o
                0x0000000000000ff4                matrix_get_row
 .text.led_set  0x0000000000001006        0xe obj_gh60_lufa/led.o
                0x0000000000001006                led_set
 .text.keyboard_leds
                0x0000000000001014        0x6 obj_gh60_lufa/protocol/lufa/lufa.o
 .text.sendchar
                0x000000000000101a       0xc6 obj_gh60_lufa/protocol/lufa/lufa.o
                0x000000000000101a                sendchar
 .text.send_consumer
                0x00000000000010e0       0x68 obj_gh60_lufa/protocol/lufa/lufa.o
 .text.send_system
                0x0000000000001148       0x68 obj_gh60_lufa/protocol/lufa/lufa.o
 .text.send_mouse
                0x00000000000011b0       0x4a obj_gh60_lufa/protocol/lufa/lufa.o
 .text.send_keyboard
                0x00000000000011fa       0xa2 obj_gh60_lufa/protocol/lufa/lufa.o
 .text.EVENT_USB_Device_Connect
                0x000000000000129c       0x24 obj_gh60_lufa/protocol/lufa/lufa.o
                0x000000000000129c                EVENT_USB_Device_Connect
 .text.EVENT_USB_Device_Disconnect
                0x00000000000012c0        0xe obj_gh60_lufa/protocol/lufa/lufa.o
                0x00000000000012c0                EVENT_USB_Device_Disconnect
 .text.EVENT_USB_Device_Reset
                0x00000000000012ce        0x2 obj_gh60_lufa/protocol/lufa/lufa.o
                0x00000000000012ce                EVENT_USB_Device_Reset
 .text.EVENT_USB_Device_StartOfFrame
                0x00000000000012d0       0x84 obj_gh60_lufa/protocol/lufa/lufa.o
                0x00000000000012d0                EVENT_USB_Device_StartOfFrame
 .text.EVENT_USB_Device_ConfigurationChanged
                0x0000000000001354       0x32 obj_gh60_lufa/protocol/lufa/lufa.o
                0x0000000000001354                EVENT_USB_Device_ConfigurationChanged
 .text.EVENT_USB_Device_ControlRequest
                0x0000000000001386      0x15a obj_gh60_lufa/protocol/lufa/lufa.o
                0x0000000000001386                EVENT_USB_Device_ControlRequest
 .text.hook_late_init
                0x00000000000014e0        0x2 obj_gh60_lufa/protocol/lufa/lufa.o
                0x00000000000014e0                hook_late_init
 .text.hook_early_init
                0x00000000000014e2        0x4 obj_gh60_lufa/protocol/lufa/lufa.o
                0x00000000000014e2                hook_early_init
 .text.hook_usb_suspend_entry
                0x00000000000014e6       0x1a obj_gh60_lufa/protocol/lufa/lufa.o
                0x00000000000014e6                hook_usb_suspend_entry
 .text.EVENT_USB_Device_Suspend
                0x0000000000001500        0x4 obj_gh60_lufa/protocol/lufa/lufa.o
                0x0000000000001500                EVENT_USB_Device_Suspend
 .text.hook_usb_suspend_loop
                0x0000000000001504       0x18 obj_gh60_lufa/protocol/lufa/lufa.o
                0x0000000000001504                hook_usb_suspend_loop
 .text.startup.main
                0x000000000000151c       0x96 obj_gh60_lufa/protocol/lufa/lufa.o
                0x000000000000151c                main
 .text.hook_usb_wakeup
                0x00000000000015b2        0xe obj_gh60_lufa/protocol/lufa/lufa.o
                0x00000000000015b2                hook_usb_wakeup
 .text.EVENT_USB_Device_WakeUp
                0x00000000000015c0        0x4 obj_gh60_lufa/protocol/lufa/lufa.o
                0x00000000000015c0                EVENT_USB_Device_WakeUp
 .text.CALLBACK_USB_GetDescriptor
                0x00000000000015c4       0xaa obj_gh60_lufa/protocol/lufa/descriptor.o
                0x00000000000015c4                CALLBACK_USB_GetDescriptor
 .text.USB_Device_SendRemoteWakeup
                0x000000000000166e       0x2c obj_gh60_lufa/protocol/lufa/LUFA-git/LUFA/Drivers/USB/Core/AVR8/Device_AVR8.o
                0x000000000000166e                USB_Device_SendRemoteWakeup
 .text.Endpoint_Write_Stream_LE
                0x000000000000169a       0x9e obj_gh60_lufa/protocol/lufa/LUFA-git/LUFA/Drivers/USB/Core/AVR8/EndpointStream_AVR8.o
                0x000000000000169a                Endpoint_Write_Stream_LE
 .text.Endpoint_Write_Control_Stream_LE
                0x0000000000001738       0xba obj_gh60_lufa/protocol/lufa/LUFA-git/LUFA/Drivers/USB/Core/AVR8/EndpointStream_AVR8.o
                0x0000000000001738                Endpoint_Write_Control_Stream_LE
 .text.Endpoint_Write_Control_PStream_LE
                0x00000000000017f2       0xbc obj_gh60_lufa/protocol/lufa/LUFA-git/LUFA/Drivers/USB/Core/AVR8/EndpointStream_AVR8.o
                0x00000000000017f2                Endpoint_Write_Control_PStream_LE
 .text.Endpoint_ConfigureEndpoint_Prv
                0x00000000000018ae       0x6a obj_gh60_lufa/protocol/lufa/LUFA-git/LUFA/Drivers/USB/Core/AVR8/Endpoint_AVR8.o
                0x00000000000018ae                Endpoint_ConfigureEndpoint_Prv
 .text.Endpoint_ClearStatusStage
                0x0000000000001918       0x3e obj_gh60_lufa/protocol/lufa/LUFA-git/LUFA/Drivers/USB/Core/AVR8/Endpoint_AVR8.o
                0x0000000000001918                Endpoint_ClearStatusStage
 .text.Endpoint_WaitUntilReady
                0x0000000000001956       0x5e obj_gh60_lufa/protocol/lufa/LUFA-git/LUFA/Drivers/USB/Core/AVR8/Endpoint_AVR8.o
                0x0000000000001956                Endpoint_WaitUntilReady
 .text.USB_Disable
                0x00000000000019b4       0x34 obj_gh60_lufa/protocol/lufa/LUFA-git/LUFA/Drivers/USB/Core/AVR8/USBController_AVR8.o
                0x00000000000019b4                USB_Disable
 .text.USB_ResetInterface
                0x00000000000019e8       0x86 obj_gh60_lufa/protocol/lufa/LUFA-git/LUFA/Drivers/USB/Core/AVR8/USBController_AVR8.o
                0x00000000000019e8                USB_ResetInterface
 .text.USB_Init
                0x0000000000001a6e       0x22 obj_gh60_lufa/protocol/lufa/LUFA-git/LUFA/Drivers/USB/Core/AVR8/USBController_AVR8.o
                0x0000000000001a6e                USB_Init
 .text.USB_INT_DisableAllInterrupts
                0x0000000000001a90       0x10 obj_gh60_lufa/protocol/lufa/LUFA-git/LUFA/Drivers/USB/Core/AVR8/USBInterrupt_AVR8.o
                0x0000000000001a90                USB_INT_DisableAllInterrupts
 .text.USB_INT_ClearAllInterrupts
                0x0000000000001aa0        0xa obj_gh60_lufa/protocol/lufa/LUFA-git/LUFA/Drivers/USB/Core/AVR8/USBInterrupt_AVR8.o
                0x0000000000001aa0                USB_INT_ClearAllInterrupts
 .text.__vector_10
                0x0000000000001aaa      0x1a6 obj_gh60_lufa/protocol/lufa/LUFA-git/LUFA/Drivers/USB/Core/AVR8/USBInterrupt_AVR8.o
                0x0000000000001aaa                __vector_10
 .text.__vector_11
                0x0000000000001c50       0x78 obj_gh60_lufa/protocol/lufa/LUFA-git/LUFA/Drivers/USB/Core/AVR8/USBInterrupt_AVR8.o
                0x0000000000001c50                __vector_11
 .text.USB_Device_ProcessControlRequest
                0x0000000000001cc8      0x2ae obj_gh60_lufa/protocol/lufa/LUFA-git/LUFA/Drivers/USB/Core/DeviceStandardReq.o
                0x0000000000001cc8                USB_Device_ProcessControlRequest
 .text.host_set_driver
                0x0000000000001f76        0xa obj_gh60_lufa/common/host.o
                0x0000000000001f76                host_set_driver
 .text.host_keyboard_leds
                0x0000000000001f80       0x18 obj_gh60_lufa/common/host.o
                0x0000000000001f80                host_keyboard_leds
 .text.host_keyboard_send
                0x0000000000001f98       0x90 obj_gh60_lufa/common/host.o
                0x0000000000001f98                host_keyboard_send
 .text.host_mouse_send
                0x0000000000002028       0x16 obj_gh60_lufa/common/host.o
                0x0000000000002028                host_mouse_send
 .text.host_system_send
                0x000000000000203e       0x5a obj_gh60_lufa/common/host.o
                0x000000000000203e                host_system_send
 .text.host_consumer_send
                0x0000000000002098       0x5a obj_gh60_lufa/common/host.o
                0x0000000000002098                host_consumer_send
 .text.keyboard_setup
                0x00000000000020f2        0x4 obj_gh60_lufa/common/keyboard.o
                0x00000000000020f2                keyboard_setup
 .text.keyboard_init
                0x00000000000020f6        0xc obj_gh60_lufa/common/keyboard.o
                0x00000000000020f6                keyboard_init
 .text.keyboard_task
                0x0000000000002102      0x196 obj_gh60_lufa/common/keyboard.o
                0x0000000000002102                keyboard_task
 .text.keyboard_set_leds
                0x0000000000002298        0x4 obj_gh60_lufa/common/keyboard.o
                0x0000000000002298                keyboard_set_leds
 .text.matrix_clear
                0x000000000000229c        0x2 obj_gh60_lufa/common/matrix.o
                0x000000000000229c                matrix_clear
 .text.matrix_setup
                0x000000000000229e        0x2 obj_gh60_lufa/common/matrix.o
                0x000000000000229e                matrix_setup
 .text.matrix_print
                0x00000000000022a0       0x68 obj_gh60_lufa/common/matrix.o
                0x00000000000022a0                matrix_print
 .text.matrix_power_up
                0x0000000000002308        0x2 obj_gh60_lufa/common/matrix.o
                0x0000000000002308                matrix_power_up
 .text.matrix_power_down
                0x000000000000230a        0x2 obj_gh60_lufa/common/matrix.o
                0x000000000000230a                matrix_power_down
 .text.action_exec
                0x000000000000230c       0x8a obj_gh60_lufa/common/action.o
                0x000000000000230c                action_exec
 .text.register_code
                0x0000000000002396      0x204 obj_gh60_lufa/common/action.o
                0x0000000000002396                register_code
 .text.unregister_code
                0x000000000000259a       0xd4 obj_gh60_lufa/common/action.o
                0x000000000000259a                unregister_code
 .text.register_mods
                0x000000000000266e        0xe obj_gh60_lufa/common/action.o
                0x000000000000266e                register_mods
 .text.unregister_mods
                0x000000000000267c        0xe obj_gh60_lufa/common/action.o
                0x000000000000267c                unregister_mods
 .text.process_action
                0x000000000000268a      0x600 obj_gh60_lufa/common/action.o
                0x000000000000268a                process_action
 .text.clear_keyboard_but_mods
                0x0000000000002c8a       0x24 obj_gh60_lufa/common/action.o
                0x0000000000002c8a                clear_keyboard_but_mods
 .text.clear_keyboard
                0x0000000000002cae        0x8 obj_gh60_lufa/common/action.o
                0x0000000000002cae                clear_keyboard
 .text.is_tap_key
                0x0000000000002cb6       0x5a obj_gh60_lufa/common/action.o
                0x0000000000002cb6                is_tap_key
 .text.debug_event
                0x0000000000002d10       0x1e obj_gh60_lufa/common/action.o
                0x0000000000002d10                debug_event
 .text.debug_record
                0x0000000000002d2e       0x20 obj_gh60_lufa/common/action.o
                0x0000000000002d2e                debug_record
 .text.debug_waiting_buffer
                0x0000000000002d4e       0x42 obj_gh60_lufa/common/action_tapping.o
 .text.debug_tapping_key
                0x0000000000002d90       0x1c obj_gh60_lufa/common/action_tapping.o
 .text.waiting_buffer_scan_tap
                0x0000000000002dac       0xdc obj_gh60_lufa/common/action_tapping.o
 .text.process_tapping
                0x0000000000002e88      0x3ae obj_gh60_lufa/common/action_tapping.o
 .text.action_tapping_process
                0x0000000000003236      0x15c obj_gh60_lufa/common/action_tapping.o
                0x0000000000003236                action_tapping_process
 .text.action_macro_play
                0x0000000000003392      0x12a obj_gh60_lufa/common/action_macro.o
                0x0000000000003392                action_macro_play
 .text.default_layer_state_set
                0x00000000000034bc       0x18 obj_gh60_lufa/common/action_layer.o
 .text.layer_state_set
                0x00000000000034d4       0x18 obj_gh60_lufa/common/action_layer.o
 .text.default_layer_debug
                0x00000000000034ec        0x2 obj_gh60_lufa/common/action_layer.o
                0x00000000000034ec                default_layer_debug
 .text.default_layer_set
                0x00000000000034ee        0x4 obj_gh60_lufa/common/action_layer.o
                0x00000000000034ee                default_layer_set
 .text.default_layer_or
                0x00000000000034f2       0x24 obj_gh60_lufa/common/action_layer.o
                0x00000000000034f2                default_layer_or
 .text.default_layer_and
                0x0000000000003516       0x24 obj_gh60_lufa/common/action_layer.o
                0x0000000000003516                default_layer_and
 .text.default_layer_xor
                0x000000000000353a       0x24 obj_gh60_lufa/common/action_layer.o
                0x000000000000353a                default_layer_xor
 .text.layer_clear
                0x000000000000355e        0xa obj_gh60_lufa/common/action_layer.o
                0x000000000000355e                layer_clear
 .text.layer_move
                0x0000000000003568       0x2a obj_gh60_lufa/common/action_layer.o
                0x0000000000003568                layer_move
 .text.layer_on
                0x0000000000003592       0x42 obj_gh60_lufa/common/action_layer.o
                0x0000000000003592                layer_on
 .text.layer_off
                0x00000000000035d4       0x46 obj_gh60_lufa/common/action_layer.o
                0x00000000000035d4                layer_off
 .text.layer_invert
                0x000000000000361a       0x42 obj_gh60_lufa/common/action_layer.o
                0x000000000000361a                layer_invert
 .text.layer_or
                0x000000000000365c       0x24 obj_gh60_lufa/common/action_layer.o
                0x000000000000365c                layer_or
 .text.layer_and
                0x0000000000003680       0x24 obj_gh60_lufa/common/action_layer.o
                0x0000000000003680                layer_and
 .text.layer_xor
                0x00000000000036a4       0x24 obj_gh60_lufa/common/action_layer.o
                0x00000000000036a4                layer_xor
 .text.layer_debug
                0x00000000000036c8        0x2 obj_gh60_lufa/common/action_layer.o
                0x00000000000036c8                layer_debug
 .text.layer_switch_get_action
                0x00000000000036ca       0x84 obj_gh60_lufa/common/action_layer.o
                0x00000000000036ca                layer_switch_get_action
 .text.add_key  0x000000000000374e       0x9a obj_gh60_lufa/common/action_util.o
                0x000000000000374e                add_key
 .text.del_key  0x00000000000037e8       0x86 obj_gh60_lufa/common/action_util.o
                0x00000000000037e8                del_key
 .text.clear_keys
                0x000000000000386e       0x1c obj_gh60_lufa/common/action_util.o
                0x000000000000386e                clear_keys
 .text.get_mods
                0x000000000000388a        0x6 obj_gh60_lufa/common/action_util.o
                0x000000000000388a                get_mods
 .text.add_mods
                0x0000000000003890        0xc obj_gh60_lufa/common/action_util.o
                0x0000000000003890                add_mods
 .text.del_mods
                0x000000000000389c       0x10 obj_gh60_lufa/common/action_util.o
                0x000000000000389c                del_mods
 .text.set_mods
                0x00000000000038ac        0x6 obj_gh60_lufa/common/action_util.o
                0x00000000000038ac                set_mods
 .text.clear_mods
                0x00000000000038b2        0x6 obj_gh60_lufa/common/action_util.o
                0x00000000000038b2                clear_mods
 .text.add_weak_mods
                0x00000000000038b8        0xc obj_gh60_lufa/common/action_util.o
                0x00000000000038b8                add_weak_mods
 .text.del_weak_mods
                0x00000000000038c4       0x10 obj_gh60_lufa/common/action_util.o
                0x00000000000038c4                del_weak_mods
 .text.clear_weak_mods
                0x00000000000038d4        0x6 obj_gh60_lufa/common/action_util.o
                0x00000000000038d4                clear_weak_mods
 .text.set_oneshot_mods
                0x00000000000038da        0x6 obj_gh60_lufa/common/action_util.o
                0x00000000000038da                set_oneshot_mods
 .text.clear_oneshot_mods
                0x00000000000038e0        0x6 obj_gh60_lufa/common/action_util.o
                0x00000000000038e0                clear_oneshot_mods
 .text.has_anykey
                0x00000000000038e6       0x20 obj_gh60_lufa/common/action_util.o
                0x00000000000038e6                has_anykey
 .text.send_keyboard_report
                0x0000000000003906       0x4c obj_gh60_lufa/common/action_util.o
                0x0000000000003906                send_keyboard_report
 .text.print_set_sendchar
                0x0000000000003952        0xa obj_gh60_lufa/common/print.o
                0x0000000000003952                print_set_sendchar
 .text.bitrev   0x000000000000395c       0x30 obj_gh60_lufa/common/util.o
                0x000000000000395c                bitrev
 .text.bitrev16
                0x000000000000398c       0x26 obj_gh60_lufa/common/util.o
                0x000000000000398c                bitrev16
 .text.hook_keyboard_loop
                0x00000000000039b2        0x2 obj_gh60_lufa/common/hook.o
                0x00000000000039b2                hook_keyboard_loop
 .text.hook_matrix_change
                0x00000000000039b4       0x1e obj_gh60_lufa/common/hook.o
                0x00000000000039b4                hook_matrix_change
 .text.hook_default_layer_change
                0x00000000000039d2        0x2 obj_gh60_lufa/common/hook.o
                0x00000000000039d2                hook_default_layer_change
 .text.hook_layer_change
                0x00000000000039d4        0x2 obj_gh60_lufa/common/hook.o
                0x00000000000039d4                hook_layer_change
 .text.hook_keyboard_leds_change
                0x00000000000039d6        0x4 obj_gh60_lufa/common/hook.o
                0x00000000000039d6                hook_keyboard_leds_change
 .text.hook_bootmagic
                0x00000000000039da        0x2 obj_gh60_lufa/common/hook.o
                0x00000000000039da                hook_bootmagic
 .text.suspend_power_down
                0x00000000000039dc       0x52 obj_gh60_lufa/common/avr/suspend.o
                0x00000000000039dc                suspend_power_down
 .text.suspend_wakeup_condition
                0x0000000000003a2e       0x2a obj_gh60_lufa/common/avr/suspend.o
                0x0000000000003a2e                suspend_wakeup_condition
 .text.suspend_wakeup_init
                0x0000000000003a58        0x8 obj_gh60_lufa/common/avr/suspend.o
                0x0000000000003a58                suspend_wakeup_init
 .text.__vector_12
                0x0000000000003a60       0x52 obj_gh60_lufa/common/avr/suspend.o
                0x0000000000003a60                __vector_12
 .text.timer_init
                0x0000000000003ab2       0x12 obj_gh60_lufa/common/avr/timer.o
                0x0000000000003ab2                timer_init
 .text.timer_read
                0x0000000000003ac4       0x18 obj_gh60_lufa/common/avr/timer.o
                0x0000000000003ac4                timer_read
 .text.timer_read32
                0x0000000000003adc       0x18 obj_gh60_lufa/common/avr/timer.o
                0x0000000000003adc                timer_read32
 .text.timer_elapsed
                0x0000000000003af4       0x54 obj_gh60_lufa/common/avr/timer.o
                0x0000000000003af4                timer_elapsed
 .text.__vector_21
                0x0000000000003b48       0x4a obj_gh60_lufa/common/avr/timer.o
                0x0000000000003b48                __vector_21
 .text.bootloader_jump
                0x0000000000003b92       0x44 obj_gh60_lufa/common/avr/bootloader.o
                0x0000000000003b92                bootloader_jump
 .text.keycode_to_action
                0x0000000000003bd6      0x124 obj_gh60_lufa/common/keymap.o
 .text.action_get_macro
                0x0000000000003cfa        0x6 obj_gh60_lufa/common/keymap.o
                0x0000000000003cfa                action_get_macro
 .text.action_function
                0x0000000000003d00        0x2 obj_gh60_lufa/common/keymap.o
                0x0000000000003d00                action_function
 .text.keymap_key_to_keycode
                0x0000000000003d02       0x20 obj_gh60_lufa/common/keymap.o
                0x0000000000003d02                keymap_key_to_keycode
 .text.keymap_fn_to_action
                0x0000000000003d22       0x12 obj_gh60_lufa/common/keymap.o
                0x0000000000003d22                keymap_fn_to_action
 .text.action_for_key
                0x0000000000003d34       0xd2 obj_gh60_lufa/common/keymap.o
                0x0000000000003d34                action_for_key
 .text.scan_key
                0x0000000000003e06       0x92 obj_gh60_lufa/common/bootmagic.o
 .text.bootmagic_scan_key
                0x0000000000003e98       0x24 obj_gh60_lufa/common/bootmagic.o
                0x0000000000003e98                bootmagic_scan_key
 .text.bootmagic
                0x0000000000003ebc      0x29e obj_gh60_lufa/common/bootmagic.o
                0x0000000000003ebc                bootmagic
 .text.eeconfig_init
                0x000000000000415a       0x34 obj_gh60_lufa/common/avr/eeconfig.o
                0x000000000000415a                eeconfig_init
 .text.eeconfig_is_enabled
                0x000000000000418e       0x16 obj_gh60_lufa/common/avr/eeconfig.o
                0x000000000000418e                eeconfig_is_enabled
 .text.eeconfig_read_debug
                0x00000000000041a4        0x8 obj_gh60_lufa/common/avr/eeconfig.o
                0x00000000000041a4                eeconfig_read_debug
 .text.eeconfig_write_debug
                0x00000000000041ac        0xa obj_gh60_lufa/common/avr/eeconfig.o
                0x00000000000041ac                eeconfig_write_debug
 .text.eeconfig_read_default_layer
                0x00000000000041b6        0x8 obj_gh60_lufa/common/avr/eeconfig.o
                0x00000000000041b6                eeconfig_read_default_layer
 .text.eeconfig_write_default_layer
                0x00000000000041be        0xa obj_gh60_lufa/common/avr/eeconfig.o
                0x00000000000041be                eeconfig_write_default_layer
 .text.eeconfig_read_keymap
                0x00000000000041c8        0x8 obj_gh60_lufa/common/avr/eeconfig.o
                0x00000000000041c8                eeconfig_read_keymap
 .text.eeconfig_write_keymap
                0x00000000000041d0        0xa obj_gh60_lufa/common/avr/eeconfig.o
                0x00000000000041d0                eeconfig_write_keymap
 .text.move_unit
                0x00000000000041da       0x90 obj_gh60_lufa/common/mousekey.o
 .text.wheel_unit
                0x000000000000426a       0x6e obj_gh60_lufa/common/mousekey.o
 .text.mousekey_on
                0x00000000000042d8       0xd0 obj_gh60_lufa/common/mousekey.o
                0x00000000000042d8                mousekey_on
 .text.mousekey_off
                0x00000000000043a8      0x108 obj_gh60_lufa/common/mousekey.o
                0x00000000000043a8                mousekey_off
 .text.mousekey_send
                0x00000000000044b0      0x11a obj_gh60_lufa/common/mousekey.o
                0x00000000000044b0                mousekey_send
 .text.mousekey_task
                0x00000000000045ca      0x146 obj_gh60_lufa/common/mousekey.o
                0x00000000000045ca                mousekey_task
 .text.mousekey_clear
                0x0000000000004710       0x18 obj_gh60_lufa/common/mousekey.o
                0x0000000000004710                mousekey_clear
 .text.mousekey_console_help
                0x0000000000004728       0x2e obj_gh60_lufa/common/command.o
 .text.mousekey_param_inc
                0x0000000000004756      0x148 obj_gh60_lufa/common/command.o
 .text.mousekey_param_dec
                0x000000000000489e       0xfe obj_gh60_lufa/common/command.o
 .text.switch_default_layer
                0x000000000000499c       0x3c obj_gh60_lufa/common/command.o
 .text.command_common
                0x00000000000049d8      0x4bc obj_gh60_lufa/common/command.o
 .text.command_console_extra
                0x0000000000004e94        0x4 obj_gh60_lufa/common/command.o
                0x0000000000004e94                command_console_extra
 .text.command_extra
                0x0000000000004e98        0x4 obj_gh60_lufa/common/command.o
                0x0000000000004e98                command_extra
 .text.command_proc
                0x0000000000004e9c      0x296 obj_gh60_lufa/common/command.o
                0x0000000000004e9c                command_proc
 .text.avr-libc.fplib
                0x0000000000005132        0xe /usr/lib/gcc/avr/6.2.0/../../../../avr/lib/avr5/libm.a(fixsfsi.o)
                0x0000000000005132                __fixsfsi
 .text.avr-libc.fplib
                0x0000000000005140       0x5e /usr/lib/gcc/avr/6.2.0/../../../../avr/lib/avr5/libm.a(fixunssfsi.o)
                0x0000000000005140                __fixunssfsi
 .text.avr-libc.fplib
                0x000000000000519e       0x7a /usr/lib/gcc/avr/6.2.0/../../../../avr/lib/avr5/libm.a(floatsisf.o)
                0x000000000000519e                __floatunsisf
                0x00000000000051a2                __floatsisf
 .text.avr-libc.fplib
                0x0000000000005218       0x44 /usr/lib/gcc/avr/6.2.0/../../../../avr/lib/avr5/libm.a(fp_split3.o)
                0x0000000000005218                __fp_split3
                0x0000000000005228                __fp_splitA
 .text.avr-libc.fplib
                0x000000000000525c        0xe /usr/lib/gcc/avr/6.2.0/../../../../avr/lib/avr5/libm.a(fp_zero.o)
                0x000000000000525c                __fp_zero
                0x000000000000525e                __fp_szero
 .text.avr-libc.fplib
                0x000000000000526a        0x8 /usr/lib/gcc/avr/6.2.0/../../../../avr/lib/avr5/libm.a(mulsf3.o)
                0x000000000000526a                __mulsf3
 .text.avr-libc.fplib
                0x0000000000005272       0xd2 /usr/lib/gcc/avr/6.2.0/../../../../avr/lib/avr5/libm.a(mulsf3x.o)
                0x0000000000005290                __mulsf3x
                0x0000000000005296                __mulsf3_pse
 .text.avr-libc.fplib
                0x0000000000005344        0xc /usr/lib/gcc/avr/6.2.0/../../../../avr/lib/avr5/libm.a(fp_inf.o)
                0x0000000000005344                __fp_inf
 .text.avr-libc.fplib
                0x0000000000005350        0x6 /usr/lib/gcc/avr/6.2.0/../../../../avr/lib/avr5/libm.a(fp_nan.o)
                0x0000000000005350                __fp_nan
 .text.avr-libc.fplib
                0x0000000000005356        0xe /usr/lib/gcc/avr/6.2.0/../../../../avr/lib/avr5/libm.a(fp_pscA.o)
                0x0000000000005356                __fp_pscA
 .text.avr-libc.fplib
                0x0000000000005364        0xe /usr/lib/gcc/avr/6.2.0/../../../../avr/lib/avr5/libm.a(fp_pscB.o)
                0x0000000000005364                __fp_pscB
 .text.avr-libc.fplib
                0x0000000000005372       0x22 /usr/lib/gcc/avr/6.2.0/../../../../avr/lib/avr5/libm.a(fp_round.o)
                0x0000000000005372                __fp_round
 .text.libgcc.div
                0x0000000000005394       0x18 /usr/lib/gcc/avr/6.2.0/avr5/libgcc.a(_udivmodqi4.o)
                0x0000000000005394                __udivmodqi4
 .text.libgcc.div
                0x00000000000053ac       0x28 /usr/lib/gcc/avr/6.2.0/avr5/libgcc.a(_divmodhi4.o)
                0x00000000000053ac                __divmodhi4
                0x00000000000053ac                _div
 .text.libgcc   0x00000000000053d4        0xc /usr/lib/gcc/avr/6.2.0/avr5/libgcc.a(_tablejump2.o)
                0x00000000000053d4                __tablejump2__
 .text.libgcc.div
                0x00000000000053e0       0x28 /usr/lib/gcc/avr/6.2.0/avr5/libgcc.a(_udivmodhi4.o)
                0x00000000000053e0                __udivmodhi4
 .text.avr-libc
                0x0000000000005408       0x10 /usr/lib/gcc/avr/6.2.0/../../../../avr/lib/avr5/libatmega32u4.a(eerd_byte.o)
                0x0000000000005408                eeprom_read_byte
 .text.avr-libc
                0x0000000000005418        0xc /usr/lib/gcc/avr/6.2.0/../../../../avr/lib/avr5/libatmega32u4.a(eerd_word.o)
                0x0000000000005418                eeprom_read_word
 .text.avr-libc
                0x0000000000005424       0x1c /usr/lib/gcc/avr/6.2.0/../../../../avr/lib/avr5/libatmega32u4.a(eewr_byte.o)
                0x0000000000005424                eeprom_write_byte
                0x0000000000005426                eeprom_write_r18
 .text.avr-libc
                0x0000000000005440        0xa /usr/lib/gcc/avr/6.2.0/../../../../avr/lib/avr5/libatmega32u4.a(eewr_word.o)
                0x0000000000005440                eeprom_write_word
 .text.avr-libc
                0x000000000000544a       0x20 /usr/lib/gcc/avr/6.2.0/../../../../avr/lib/avr5/libatmega32u4.a(eerd_block.o)
                0x000000000000544a                eeprom_read_block
                0x000000000000544e                eeprom_read_blraw
                0x000000000000546a                . = ALIGN (0x2)
 *(.fini9)
 .fini9         0x000000000000546a        0x0 /usr/lib/gcc/avr/6.2.0/avr5/libgcc.a(_exit.o)
                0x000000000000546a                exit
                0x000000000000546a                _exit
 *(.fini9)
 *(.fini8)
 *(.fini8)
 *(.fini7)
 *(.fini7)
 *(.fini6)
 *(.fini6)
 *(.fini5)
 *(.fini5)
 *(.fini4)
 *(.fini4)
 *(.fini3)
 *(.fini3)
 *(.fini2)
 *(.fini2)
 *(.fini1)
 *(.fini1)
 *(.fini0)
 .fini0         0x000000000000546a        0x4 /usr/lib/gcc/avr/6.2.0/avr5/libgcc.a(_exit.o)
 *(.fini0)
                0x000000000000546e                _etext = .

.data           0x0000000000800100       0x3a load address 0x000000000000546e
                0x0000000000800100                PROVIDE (__data_start, .)
 *(.data)
 *(.data*)
 .data.debouncing
                0x0000000000800100        0x1 obj_gh60_lufa/matrix.o
 .data.lufa_driver
                0x0000000000800101        0xa obj_gh60_lufa/protocol/lufa/lufa.o
                0x0000000000800101                lufa_driver
 .data.keyboard_protocol
                0x000000000080010b        0x1 obj_gh60_lufa/protocol/lufa/lufa.o
                0x000000000080010b                keyboard_protocol
 .data.keyboard_nkro
                0x000000000080010c        0x1 obj_gh60_lufa/common/host.o
                0x000000000080010c                keyboard_nkro
 .data.keyboard_report
                0x000000000080010d        0x2 obj_gh60_lufa/common/action_util.o
                0x000000000080010d                keyboard_report
 .data.mk_wheel_time_to_max
                0x000000000080010f        0x1 obj_gh60_lufa/common/mousekey.o
                0x000000000080010f                mk_wheel_time_to_max
 .data.mk_wheel_max_speed
                0x0000000000800110        0x1 obj_gh60_lufa/common/mousekey.o
                0x0000000000800110                mk_wheel_max_speed
 .data.mk_time_to_max
                0x0000000000800111        0x1 obj_gh60_lufa/common/mousekey.o
                0x0000000000800111                mk_time_to_max
 .data.mk_max_speed
                0x0000000000800112        0x1 obj_gh60_lufa/common/mousekey.o
                0x0000000000800112                mk_max_speed
 .data.mk_interval
                0x0000000000800113        0x1 obj_gh60_lufa/common/mousekey.o
                0x0000000000800113                mk_interval
 .data.mk_delay
                0x0000000000800114        0x1 obj_gh60_lufa/common/mousekey.o
                0x0000000000800114                mk_delay
 *(.rodata)
 *(.rodata*)
 .rodata.CSWTCH.3
                0x0000000000800115        0x5 obj_gh60_lufa/protocol/lufa/descriptor.o
 .rodata.CSWTCH.2
                0x000000000080011a        0xa obj_gh60_lufa/protocol/lufa/descriptor.o
 .rodata.CSWTCH.1
                0x0000000000800124        0xa obj_gh60_lufa/protocol/lufa/descriptor.o
 .rodata.matrix_print.str1.1
                0x000000000080012e        0x1 obj_gh60_lufa/common/matrix.o
 .rodata.CSWTCH.29
                0x000000000080012f        0xa obj_gh60_lufa/common/command.o
 *(.gnu.linkonce.d*)
                0x000000000080013a                . = ALIGN (0x2)
 *fill*         0x0000000000800139        0x1 
                0x000000000080013a                _edata = .
                0x000000000080013a                PROVIDE (__data_end, .)

.bss            0x000000000080013a       0xcf
                0x000000000080013a                PROVIDE (__bss_start, .)
 *(.bss)
 .bss           0x000000000080013a        0x2 obj_gh60_lufa/common/avr/xprintf.o
                0x000000000080013a                xfunc_out
 *(.bss*)
 .bss.matrix_debouncing
                0x000000000080013c        0xa obj_gh60_lufa/matrix.o
 .bss.matrix    0x0000000000800146        0xa obj_gh60_lufa/matrix.o
 .bss.timeouted.4939
                0x0000000000800150        0x1 obj_gh60_lufa/protocol/lufa/lufa.o
 .bss.count.4869
                0x0000000000800151        0x1 obj_gh60_lufa/protocol/lufa/lufa.o
 .bss._led_stats
                0x0000000000800152        0x1 obj_gh60_lufa/protocol/lufa/lufa.o
 .bss.console_flush
                0x0000000000800153        0x1 obj_gh60_lufa/protocol/lufa/lufa.o
 .bss.keyboard_report_sent
                0x0000000000800154       0x20 obj_gh60_lufa/protocol/lufa/lufa.o
 .bss.keyboard_led_stats
                0x0000000000800174        0x1 obj_gh60_lufa/protocol/lufa/lufa.o
 .bss.keyboard_idle
                0x0000000000800175        0x1 obj_gh60_lufa/protocol/lufa/lufa.o
                0x0000000000800175                keyboard_idle
 .bss.last_consumer_report
                0x0000000000800176        0x2 obj_gh60_lufa/common/host.o
 .bss.last_system_report
                0x0000000000800178        0x2 obj_gh60_lufa/common/host.o
 .bss.driver    0x000000000080017a        0x2 obj_gh60_lufa/common/host.o
 .bss.led_status.4900
                0x000000000080017c        0x1 obj_gh60_lufa/common/keyboard.o
 .bss.matrix_prev.4899
                0x000000000080017d        0xa obj_gh60_lufa/common/keyboard.o
 .bss.waiting_buffer_tail
                0x0000000000800187        0x1 obj_gh60_lufa/common/action_tapping.o
 .bss.waiting_buffer_head
                0x0000000000800188        0x1 obj_gh60_lufa/common/action_tapping.o
 .bss.waiting_buffer
                0x0000000000800189       0x30 obj_gh60_lufa/common/action_tapping.o
 .bss.tapping_key
                0x00000000008001b9        0x6 obj_gh60_lufa/common/action_tapping.o
 .bss.layer_state
                0x00000000008001bf        0x4 obj_gh60_lufa/common/action_layer.o
                0x00000000008001bf                layer_state
 .bss.default_layer_state
                0x00000000008001c3        0x4 obj_gh60_lufa/common/action_layer.o
                0x00000000008001c3                default_layer_state
 .bss.oneshot_mods
                0x00000000008001c7        0x1 obj_gh60_lufa/common/action_util.o
 .bss.__compound_literal.0
                0x00000000008001c8       0x20 obj_gh60_lufa/common/action_util.o
 .bss.weak_mods
                0x00000000008001e8        0x1 obj_gh60_lufa/common/action_util.o
 .bss.real_mods
                0x00000000008001e9        0x1 obj_gh60_lufa/common/action_util.o
 .bss.debug_config
                0x00000000008001ea        0x1 obj_gh60_lufa/common/debug.o
                0x00000000008001ea                debug_config
 .bss.wdt_timeout
                0x00000000008001eb        0x1 obj_gh60_lufa/common/avr/suspend.o
 .bss.timer_count
                0x00000000008001ec        0x4 obj_gh60_lufa/common/avr/timer.o
                0x00000000008001ec                timer_count
 .bss.last_timer
                0x00000000008001f0        0x2 obj_gh60_lufa/common/mousekey.o
 .bss.mousekey_accel
                0x00000000008001f2        0x1 obj_gh60_lufa/common/mousekey.o
 .bss.mousekey_repeat
                0x00000000008001f3        0x1 obj_gh60_lufa/common/mousekey.o
 .bss.mouse_report
                0x00000000008001f4        0x5 obj_gh60_lufa/common/mousekey.o
 .bss.mousekey_param
                0x00000000008001f9        0x1 obj_gh60_lufa/common/command.o
 .bss.command_state
                0x00000000008001fa        0x1 obj_gh60_lufa/common/command.o
                0x00000000008001fa                command_state
 *(COMMON)
 COMMON         0x00000000008001fb        0x3 obj_gh60_lufa/protocol/lufa/LUFA-git/LUFA/Drivers/USB/Core/DeviceStandardReq.o
                0x00000000008001fb                USB_Device_ConfigurationNumber
                0x00000000008001fc                USB_Device_CurrentlySelfPowered
                0x00000000008001fd                USB_Device_RemoteWakeupEnabled
 COMMON         0x00000000008001fe        0xa obj_gh60_lufa/protocol/lufa/LUFA-git/LUFA/Drivers/USB/Core/USBTask.o
                0x00000000008001fe                USB_IsInitialized
                0x00000000008001ff                USB_DeviceState
                0x0000000000800200                USB_ControlRequest
 COMMON         0x0000000000800208        0x1 obj_gh60_lufa/common/bootmagic.o
                0x0000000000800208                keymap_config
                0x0000000000800209                PROVIDE (__bss_end, .)
                0x000000000000546e                __data_load_start = LOADADDR (.data)
                0x00000000000054a8                __data_load_end = (__data_load_start + SIZEOF (.data))

.noinit         0x0000000000800209        0x4
                [!provide]                        PROVIDE (__noinit_start, .)
 *(.noinit*)
 .noinit        0x0000000000800209        0x4 obj_gh60_lufa/common/avr/bootloader.o
                0x0000000000800209                reset_key
                [!provide]                        PROVIDE (__noinit_end, .)
                0x000000000080020d                _end = .
                [!provide]                        PROVIDE (__heap_start, .)

.eeprom         0x0000000000810000        0x0
 *(.eeprom*)
                0x0000000000810000                __eeprom_end = .

.fuse
 *(.fuse)
 *(.lfuse)
 *(.hfuse)
 *(.efuse)

.lock
 *(.lock*)

.signature
 *(.signature*)

.stab           0x0000000000000000      0xec4
 *(.stab)
 .stab          0x0000000000000000      0x8b8 obj_gh60_lufa/common/avr/xprintf.o
 .stab          0x00000000000008b8       0xe4 /usr/lib/gcc/avr/6.2.0/avr5/libgcc.a(_udivmodqi4.o)
                                         0xf0 (size before relaxing)
 .stab          0x000000000000099c      0x138 /usr/lib/gcc/avr/6.2.0/avr5/libgcc.a(_divmodhi4.o)
                                        0x144 (size before relaxing)
 .stab          0x0000000000000ad4       0x6c /usr/lib/gcc/avr/6.2.0/avr5/libgcc.a(_exit.o)
                                         0x78 (size before relaxing)
 .stab          0x0000000000000b40       0x9c /usr/lib/gcc/avr/6.2.0/avr5/libgcc.a(_tablejump2.o)
                                         0xa8 (size before relaxing)
 .stab          0x0000000000000bdc       0xd8 /usr/lib/gcc/avr/6.2.0/avr5/libgcc.a(_copy_data.o)
                                         0xe4 (size before relaxing)
 .stab          0x0000000000000cb4       0xb4 /usr/lib/gcc/avr/6.2.0/avr5/libgcc.a(_clear_bss.o)
                                         0xc0 (size before relaxing)
 .stab          0x0000000000000d68      0x15c /usr/lib/gcc/avr/6.2.0/avr5/libgcc.a(_udivmodhi4.o)
                                        0x168 (size before relaxing)

.stabstr        0x0000000000000000      0x185
 *(.stabstr)
 .stabstr       0x0000000000000000      0x185 obj_gh60_lufa/common/avr/xprintf.o

.stab.excl
 *(.stab.excl)

.stab.exclstr
 *(.stab.exclstr)

.stab.index
 *(.stab.index)

.stab.indexstr
 *(.stab.indexstr)

.comment        0x0000000000000000       0x21
 *(.comment)
 .comment       0x0000000000000000       0x21 obj_gh60_lufa/keymap_poker.o
                                         0x22 (size before relaxing)
 .comment       0x0000000000000021       0x22 obj_gh60_lufa/matrix.o
 .comment       0x0000000000000021       0x22 obj_gh60_lufa/led.o
 .comment       0x0000000000000021       0x22 obj_gh60_lufa/protocol/lufa/lufa.o
 .comment       0x0000000000000021       0x22 obj_gh60_lufa/protocol/lufa/descriptor.o
 .comment       0x0000000000000021       0x22 obj_gh60_lufa/protocol/lufa/LUFA-git/LUFA/Drivers/USB/Core/AVR8/Device_AVR8.o
 .comment       0x0000000000000021       0x22 obj_gh60_lufa/protocol/lufa/LUFA-git/LUFA/Drivers/USB/Core/AVR8/EndpointStream_AVR8.o
 .comment       0x0000000000000021       0x22 obj_gh60_lufa/protocol/lufa/LUFA-git/LUFA/Drivers/USB/Core/AVR8/Endpoint_AVR8.o
 .comment       0x0000000000000021       0x22 obj_gh60_lufa/protocol/lufa/LUFA-git/LUFA/Drivers/USB/Core/AVR8/USBController_AVR8.o
 .comment       0x0000000000000021       0x22 obj_gh60_lufa/protocol/lufa/LUFA-git/LUFA/Drivers/USB/Core/AVR8/USBInterrupt_AVR8.o
 .comment       0x0000000000000021       0x22 obj_gh60_lufa/protocol/lufa/LUFA-git/LUFA/Drivers/USB/Core/DeviceStandardReq.o
 .comment       0x0000000000000021       0x22 obj_gh60_lufa/protocol/lufa/LUFA-git/LUFA/Drivers/USB/Core/USBTask.o
 .comment       0x0000000000000021       0x22 obj_gh60_lufa/common/host.o
 .comment       0x0000000000000021       0x22 obj_gh60_lufa/common/keyboard.o
 .comment       0x0000000000000021       0x22 obj_gh60_lufa/common/matrix.o
 .comment       0x0000000000000021       0x22 obj_gh60_lufa/common/action.o
 .comment       0x0000000000000021       0x22 obj_gh60_lufa/common/action_tapping.o
 .comment       0x0000000000000021       0x22 obj_gh60_lufa/common/action_macro.o
 .comment       0x0000000000000021       0x22 obj_gh60_lufa/common/action_layer.o
 .comment       0x0000000000000021       0x22 obj_gh60_lufa/common/action_util.o
 .comment       0x0000000000000021       0x22 obj_gh60_lufa/common/print.o
 .comment       0x0000000000000021       0x22 obj_gh60_lufa/common/debug.o
 .comment       0x0000000000000021       0x22 obj_gh60_lufa/common/util.o
 .comment       0x0000000000000021       0x22 obj_gh60_lufa/common/hook.o
 .comment       0x0000000000000021       0x22 obj_gh60_lufa/common/avr/suspend.o
 .comment       0x0000000000000021       0x22 obj_gh60_lufa/common/avr/timer.o
 .comment       0x0000000000000021       0x22 obj_gh60_lufa/common/avr/bootloader.o
 .comment       0x0000000000000021       0x22 obj_gh60_lufa/common/keymap.o
 .comment       0x0000000000000021       0x22 obj_gh60_lufa/common/bootmagic.o
 .comment       0x0000000000000021       0x22 obj_gh60_lufa/common/avr/eeconfig.o
 .comment       0x0000000000000021       0x22 obj_gh60_lufa/common/mousekey.o
 .comment       0x0000000000000021       0x22 obj_gh60_lufa/common/command.o

.note.gnu.avr.deviceinfo
                0x0000000000000000       0x40
 .note.gnu.avr.deviceinfo
                0x0000000000000000       0x40 /usr/lib/gcc/avr/6.2.0/../../../../avr/lib/avr5/crtatmega32u4.o

.note.gnu.build-id
 *(.note.gnu.build-id)

.debug
 *(.debug)

.line
 *(.line)

.debug_srcinfo
 *(.debug_srcinfo)

.debug_sfnames
 *(.debug_sfnames)

.debug_aranges  0x0000000000000000      0x910
 *(.debug_aranges)
 .debug_aranges
                0x0000000000000000       0x18 obj_gh60_lufa/keymap_poker.o
 .debug_aranges
                0x0000000000000018       0x38 obj_gh60_lufa/matrix.o
 .debug_aranges
                0x0000000000000050       0x20 obj_gh60_lufa/led.o
 .debug_aranges
                0x0000000000000070       0xb0 obj_gh60_lufa/protocol/lufa/lufa.o
 .debug_aranges
                0x0000000000000120       0x20 obj_gh60_lufa/protocol/lufa/descriptor.o
 .debug_aranges
                0x0000000000000140       0x20 obj_gh60_lufa/protocol/lufa/LUFA-git/LUFA/Drivers/USB/Core/AVR8/Device_AVR8.o
 .debug_aranges
                0x0000000000000160       0xc8 obj_gh60_lufa/protocol/lufa/LUFA-git/LUFA/Drivers/USB/Core/AVR8/EndpointStream_AVR8.o
 .debug_aranges
                0x0000000000000228       0x40 obj_gh60_lufa/protocol/lufa/LUFA-git/LUFA/Drivers/USB/Core/AVR8/Endpoint_AVR8.o
 .debug_aranges
                0x0000000000000268       0x30 obj_gh60_lufa/protocol/lufa/LUFA-git/LUFA/Drivers/USB/Core/AVR8/USBController_AVR8.o
 .debug_aranges
                0x0000000000000298       0x38 obj_gh60_lufa/protocol/lufa/LUFA-git/LUFA/Drivers/USB/Core/AVR8/USBInterrupt_AVR8.o
 .debug_aranges
                0x00000000000002d0       0x20 obj_gh60_lufa/protocol/lufa/LUFA-git/LUFA/Drivers/USB/Core/DeviceStandardReq.o
 .debug_aranges
                0x00000000000002f0       0x20 obj_gh60_lufa/protocol/lufa/LUFA-git/LUFA/Drivers/USB/Core/USBTask.o
 .debug_aranges
                0x0000000000000310       0x60 obj_gh60_lufa/common/host.o
 .debug_aranges
                0x0000000000000370       0x38 obj_gh60_lufa/common/keyboard.o
 .debug_aranges
                0x00000000000003a8       0x40 obj_gh60_lufa/common/matrix.o
 .debug_aranges
                0x00000000000003e8       0x78 obj_gh60_lufa/common/action.o
 .debug_aranges
                0x0000000000000460       0x40 obj_gh60_lufa/common/action_tapping.o
 .debug_aranges
                0x00000000000004a0       0x20 obj_gh60_lufa/common/action_macro.o
 .debug_aranges
                0x00000000000004c0       0x98 obj_gh60_lufa/common/action_layer.o
 .debug_aranges
                0x0000000000000558       0xb0 obj_gh60_lufa/common/action_util.o
 .debug_aranges
                0x0000000000000608       0x20 obj_gh60_lufa/common/print.o
 .debug_aranges
                0x0000000000000628       0x18 obj_gh60_lufa/common/debug.o
 .debug_aranges
                0x0000000000000640       0x60 obj_gh60_lufa/common/util.o
 .debug_aranges
                0x00000000000006a0       0x38 obj_gh60_lufa/common/hook.o
 .debug_aranges
                0x00000000000006d8       0x40 obj_gh60_lufa/common/avr/suspend.o
 .debug_aranges
                0x0000000000000718       0x50 obj_gh60_lufa/common/avr/timer.o
 .debug_aranges
                0x0000000000000768       0x28 obj_gh60_lufa/common/avr/bootloader.o
 .debug_aranges
                0x0000000000000790       0x48 obj_gh60_lufa/common/keymap.o
 .debug_aranges
                0x00000000000007d8       0x30 obj_gh60_lufa/common/bootmagic.o
 .debug_aranges
                0x0000000000000808       0x68 obj_gh60_lufa/common/avr/eeconfig.o
 .debug_aranges
                0x0000000000000870       0x50 obj_gh60_lufa/common/mousekey.o
 .debug_aranges
                0x00000000000008c0       0x50 obj_gh60_lufa/common/command.o

.debug_pubnames
 *(.debug_pubnames)

.debug_info     0x0000000000000000    0x13093
 *(.debug_info .gnu.linkonce.wi.*)
 .debug_info    0x0000000000000000      0x9f4 /usr/lib/gcc/avr/6.2.0/../../../../avr/lib/avr5/crtatmega32u4.o
 .debug_info    0x00000000000009f4      0xce9 obj_gh60_lufa/keymap_poker.o
 .debug_info    0x00000000000016dd      0x4b5 obj_gh60_lufa/matrix.o
 .debug_info    0x0000000000001b92       0x91 obj_gh60_lufa/led.o
 .debug_info    0x0000000000001c23     0x18a3 obj_gh60_lufa/protocol/lufa/lufa.o
 .debug_info    0x00000000000034c6      0x9ae obj_gh60_lufa/protocol/lufa/descriptor.o
 .debug_info    0x0000000000003e74      0x193 obj_gh60_lufa/protocol/lufa/LUFA-git/LUFA/Drivers/USB/Core/AVR8/Device_AVR8.o
 .debug_info    0x0000000000004007     0x17dc obj_gh60_lufa/protocol/lufa/LUFA-git/LUFA/Drivers/USB/Core/AVR8/EndpointStream_AVR8.o
 .debug_info    0x00000000000057e3      0x651 obj_gh60_lufa/protocol/lufa/LUFA-git/LUFA/Drivers/USB/Core/AVR8/Endpoint_AVR8.o
 .debug_info    0x0000000000005e34      0x54e obj_gh60_lufa/protocol/lufa/LUFA-git/LUFA/Drivers/USB/Core/AVR8/USBController_AVR8.o
 .debug_info    0x0000000000006382      0x87a obj_gh60_lufa/protocol/lufa/LUFA-git/LUFA/Drivers/USB/Core/AVR8/USBInterrupt_AVR8.o
 .debug_info    0x0000000000006bfc      0xa3d obj_gh60_lufa/protocol/lufa/LUFA-git/LUFA/Drivers/USB/Core/DeviceStandardReq.o
 .debug_info    0x0000000000007639      0x2ad obj_gh60_lufa/protocol/lufa/LUFA-git/LUFA/Drivers/USB/Core/USBTask.o
 .debug_info    0x00000000000078e6      0x7f0 obj_gh60_lufa/common/host.o
 .debug_info    0x00000000000080d6      0x6f3 obj_gh60_lufa/common/keyboard.o
 .debug_info    0x00000000000087c9      0x1f0 obj_gh60_lufa/common/matrix.o
 .debug_info    0x00000000000089b9     0x1b3b obj_gh60_lufa/common/action.o
 .debug_info    0x000000000000a4f4      0xf7c obj_gh60_lufa/common/action_tapping.o
 .debug_info    0x000000000000b470      0xc12 obj_gh60_lufa/common/action_macro.o
 .debug_info    0x000000000000c082      0x86f obj_gh60_lufa/common/action_layer.o
 .debug_info    0x000000000000c8f1      0x8d8 obj_gh60_lufa/common/action_util.o
 .debug_info    0x000000000000d1c9       0xda obj_gh60_lufa/common/print.o
 .debug_info    0x000000000000d2a3      0x123 obj_gh60_lufa/common/debug.o
 .debug_info    0x000000000000d3c6      0x2a2 obj_gh60_lufa/common/util.o
 .debug_info    0x000000000000d668      0x1eb obj_gh60_lufa/common/hook.o
 .debug_info    0x000000000000d853      0x649 obj_gh60_lufa/common/avr/suspend.o
 .debug_info    0x000000000000de9c      0x20c obj_gh60_lufa/common/avr/timer.o
 .debug_info    0x000000000000e0a8      0x39e obj_gh60_lufa/common/avr/bootloader.o
 .debug_info    0x000000000000e446     0x11d2 obj_gh60_lufa/common/keymap.o
 .debug_info    0x000000000000f618     0x1218 obj_gh60_lufa/common/bootmagic.o
 .debug_info    0x0000000000010830      0x37b obj_gh60_lufa/common/avr/eeconfig.o
 .debug_info    0x0000000000010bab      0x992 obj_gh60_lufa/common/mousekey.o
 .debug_info    0x000000000001153d     0x1b56 obj_gh60_lufa/common/command.o

.debug_abbrev   0x0000000000000000     0x4c9f
 *(.debug_abbrev)
 .debug_abbrev  0x0000000000000000      0x96a /usr/lib/gcc/avr/6.2.0/../../../../avr/lib/avr5/crtatmega32u4.o
 .debug_abbrev  0x000000000000096a      0x19a obj_gh60_lufa/keymap_poker.o
 .debug_abbrev  0x0000000000000b04      0x2b9 obj_gh60_lufa/matrix.o
 .debug_abbrev  0x0000000000000dbd       0x60 obj_gh60_lufa/led.o
 .debug_abbrev  0x0000000000000e1d      0x571 obj_gh60_lufa/protocol/lufa/lufa.o
 .debug_abbrev  0x000000000000138e      0x1d5 obj_gh60_lufa/protocol/lufa/descriptor.o
 .debug_abbrev  0x0000000000001563       0xb6 obj_gh60_lufa/protocol/lufa/LUFA-git/LUFA/Drivers/USB/Core/AVR8/Device_AVR8.o
 .debug_abbrev  0x0000000000001619      0x208 obj_gh60_lufa/protocol/lufa/LUFA-git/LUFA/Drivers/USB/Core/AVR8/EndpointStream_AVR8.o
 .debug_abbrev  0x0000000000001821      0x240 obj_gh60_lufa/protocol/lufa/LUFA-git/LUFA/Drivers/USB/Core/AVR8/Endpoint_AVR8.o
 .debug_abbrev  0x0000000000001a61      0x1ad obj_gh60_lufa/protocol/lufa/LUFA-git/LUFA/Drivers/USB/Core/AVR8/USBController_AVR8.o
 .debug_abbrev  0x0000000000001c0e      0x22f obj_gh60_lufa/protocol/lufa/LUFA-git/LUFA/Drivers/USB/Core/AVR8/USBInterrupt_AVR8.o
 .debug_abbrev  0x0000000000001e3d      0x2ce obj_gh60_lufa/protocol/lufa/LUFA-git/LUFA/Drivers/USB/Core/DeviceStandardReq.o
 .debug_abbrev  0x000000000000210b      0x196 obj_gh60_lufa/protocol/lufa/LUFA-git/LUFA/Drivers/USB/Core/USBTask.o
 .debug_abbrev  0x00000000000022a1      0x279 obj_gh60_lufa/common/host.o
 .debug_abbrev  0x000000000000251a      0x248 obj_gh60_lufa/common/keyboard.o
 .debug_abbrev  0x0000000000002762      0x165 obj_gh60_lufa/common/matrix.o
 .debug_abbrev  0x00000000000028c7      0x356 obj_gh60_lufa/common/action.o
 .debug_abbrev  0x0000000000002c1d      0x2f8 obj_gh60_lufa/common/action_tapping.o
 .debug_abbrev  0x0000000000002f15      0x27b obj_gh60_lufa/common/action_macro.o
 .debug_abbrev  0x0000000000003190      0x222 obj_gh60_lufa/common/action_layer.o
 .debug_abbrev  0x00000000000033b2      0x357 obj_gh60_lufa/common/action_util.o
 .debug_abbrev  0x0000000000003709       0x97 obj_gh60_lufa/common/print.o
 .debug_abbrev  0x00000000000037a0       0xad obj_gh60_lufa/common/debug.o
 .debug_abbrev  0x000000000000384d       0xcb obj_gh60_lufa/common/util.o
 .debug_abbrev  0x0000000000003918      0x15e obj_gh60_lufa/common/hook.o
 .debug_abbrev  0x0000000000003a76      0x2a1 obj_gh60_lufa/common/avr/suspend.o
 .debug_abbrev  0x0000000000003d17      0x12b obj_gh60_lufa/common/avr/timer.o
 .debug_abbrev  0x0000000000003e42      0x1f4 obj_gh60_lufa/common/avr/bootloader.o
 .debug_abbrev  0x0000000000004036      0x2ce obj_gh60_lufa/common/keymap.o
 .debug_abbrev  0x0000000000004304      0x2ee obj_gh60_lufa/common/bootmagic.o
 .debug_abbrev  0x00000000000045f2       0xc2 obj_gh60_lufa/common/avr/eeconfig.o
 .debug_abbrev  0x00000000000046b4      0x259 obj_gh60_lufa/common/mousekey.o
 .debug_abbrev  0x000000000000490d      0x392 obj_gh60_lufa/common/command.o

.debug_line     0x0000000000000000     0x84d7
 *(.debug_line .debug_line.* .debug_line_end)
 .debug_line    0x0000000000000000       0x1d /usr/lib/gcc/avr/6.2.0/../../../../avr/lib/avr5/crtatmega32u4.o
 .debug_line    0x000000000000001d      0x194 obj_gh60_lufa/keymap_poker.o
 .debug_line    0x00000000000001b1      0x35e obj_gh60_lufa/matrix.o
 .debug_line    0x000000000000050f       0x6b obj_gh60_lufa/led.o
 .debug_line    0x000000000000057a      0xae5 obj_gh60_lufa/protocol/lufa/lufa.o
 .debug_line    0x000000000000105f      0x263 obj_gh60_lufa/protocol/lufa/descriptor.o
 .debug_line    0x00000000000012c2      0x1cf obj_gh60_lufa/protocol/lufa/LUFA-git/LUFA/Drivers/USB/Core/AVR8/Device_AVR8.o
 .debug_line    0x0000000000001491     0x143e obj_gh60_lufa/protocol/lufa/LUFA-git/LUFA/Drivers/USB/Core/AVR8/EndpointStream_AVR8.o
 .debug_line    0x00000000000028cf      0x555 obj_gh60_lufa/protocol/lufa/LUFA-git/LUFA/Drivers/USB/Core/AVR8/Endpoint_AVR8.o
 .debug_line    0x0000000000002e24      0x37e obj_gh60_lufa/protocol/lufa/LUFA-git/LUFA/Drivers/USB/Core/AVR8/USBController_AVR8.o
 .debug_line    0x00000000000031a2      0x5e6 obj_gh60_lufa/protocol/lufa/LUFA-git/LUFA/Drivers/USB/Core/AVR8/USBInterrupt_AVR8.o
 .debug_line    0x0000000000003788      0x508 obj_gh60_lufa/protocol/lufa/LUFA-git/LUFA/Drivers/USB/Core/DeviceStandardReq.o
 .debug_line    0x0000000000003c90      0x1c9 obj_gh60_lufa/protocol/lufa/LUFA-git/LUFA/Drivers/USB/Core/USBTask.o
 .debug_line    0x0000000000003e59      0x328 obj_gh60_lufa/common/host.o
 .debug_line    0x0000000000004181      0x312 obj_gh60_lufa/common/keyboard.o
 .debug_line    0x0000000000004493      0x126 obj_gh60_lufa/common/matrix.o
 .debug_line    0x00000000000045b9      0xa90 obj_gh60_lufa/common/action.o
 .debug_line    0x0000000000005049      0x58e obj_gh60_lufa/common/action_tapping.o
 .debug_line    0x00000000000055d7      0x2be obj_gh60_lufa/common/action_macro.o
 .debug_line    0x0000000000005895      0x2f9 obj_gh60_lufa/common/action_layer.o
 .debug_line    0x0000000000005b8e      0x464 obj_gh60_lufa/common/action_util.o
 .debug_line    0x0000000000005ff2       0x98 obj_gh60_lufa/common/print.o
 .debug_line    0x000000000000608a       0x8d obj_gh60_lufa/common/debug.o
 .debug_line    0x0000000000006117      0x27a obj_gh60_lufa/common/util.o
 .debug_line    0x0000000000006391       0xba obj_gh60_lufa/common/hook.o
 .debug_line    0x000000000000644b      0x2ee obj_gh60_lufa/common/avr/suspend.o
 .debug_line    0x0000000000006739      0x1e8 obj_gh60_lufa/common/avr/timer.o
 .debug_line    0x0000000000006921      0x253 obj_gh60_lufa/common/avr/bootloader.o
 .debug_line    0x0000000000006b74      0x482 obj_gh60_lufa/common/keymap.o
 .debug_line    0x0000000000006ff6      0x4ad obj_gh60_lufa/common/bootmagic.o
 .debug_line    0x00000000000074a3      0x17b obj_gh60_lufa/common/avr/eeconfig.o
 .debug_line    0x000000000000761e      0x73d obj_gh60_lufa/common/mousekey.o
 .debug_line    0x0000000000007d5b      0x77c obj_gh60_lufa/common/command.o

.debug_frame    0x0000000000000000     0x1a60
 *(.debug_frame)
 .debug_frame   0x0000000000000000       0x90 obj_gh60_lufa/matrix.o
 .debug_frame   0x0000000000000090       0x24 obj_gh60_lufa/led.o
 .debug_frame   0x00000000000000b4      0x188 obj_gh60_lufa/protocol/lufa/lufa.o
 .debug_frame   0x000000000000023c       0x24 obj_gh60_lufa/protocol/lufa/descriptor.o
 .debug_frame   0x0000000000000260       0x24 obj_gh60_lufa/protocol/lufa/LUFA-git/LUFA/Drivers/USB/Core/AVR8/Device_AVR8.o
 .debug_frame   0x0000000000000284      0x48c obj_gh60_lufa/protocol/lufa/LUFA-git/LUFA/Drivers/USB/Core/AVR8/EndpointStream_AVR8.o
 .debug_frame   0x0000000000000710       0x7c obj_gh60_lufa/protocol/lufa/LUFA-git/LUFA/Drivers/USB/Core/AVR8/Endpoint_AVR8.o
 .debug_frame   0x000000000000078c       0x5c obj_gh60_lufa/protocol/lufa/LUFA-git/LUFA/Drivers/USB/Core/AVR8/USBController_AVR8.o
 .debug_frame   0x00000000000007e8      0x104 obj_gh60_lufa/protocol/lufa/LUFA-git/LUFA/Drivers/USB/Core/AVR8/USBInterrupt_AVR8.o
 .debug_frame   0x00000000000008ec       0x3c obj_gh60_lufa/protocol/lufa/LUFA-git/LUFA/Drivers/USB/Core/DeviceStandardReq.o
 .debug_frame   0x0000000000000928       0x2c obj_gh60_lufa/protocol/lufa/LUFA-git/LUFA/Drivers/USB/Core/USBTask.o
 .debug_frame   0x0000000000000954      0x10c obj_gh60_lufa/common/host.o
 .debug_frame   0x0000000000000a60       0xb4 obj_gh60_lufa/common/keyboard.o
 .debug_frame   0x0000000000000b14       0xdc obj_gh60_lufa/common/matrix.o
 .debug_frame   0x0000000000000bf0      0x150 obj_gh60_lufa/common/action.o
 .debug_frame   0x0000000000000d40       0xe8 obj_gh60_lufa/common/action_tapping.o
 .debug_frame   0x0000000000000e28       0x50 obj_gh60_lufa/common/action_macro.o
 .debug_frame   0x0000000000000e78      0x1cc obj_gh60_lufa/common/action_layer.o
 .debug_frame   0x0000000000001044      0x170 obj_gh60_lufa/common/action_util.o
 .debug_frame   0x00000000000011b4       0x24 obj_gh60_lufa/common/print.o
 .debug_frame   0x00000000000011d8      0x110 obj_gh60_lufa/common/util.o
 .debug_frame   0x00000000000012e8       0x88 obj_gh60_lufa/common/hook.o
 .debug_frame   0x0000000000001370       0x90 obj_gh60_lufa/common/avr/suspend.o
 .debug_frame   0x0000000000001400       0xcc obj_gh60_lufa/common/avr/timer.o
 .debug_frame   0x00000000000014cc       0x34 obj_gh60_lufa/common/avr/bootloader.o
 .debug_frame   0x0000000000001500       0x74 obj_gh60_lufa/common/keymap.o
 .debug_frame   0x0000000000001574       0x90 obj_gh60_lufa/common/bootmagic.o
 .debug_frame   0x0000000000001604       0xb4 obj_gh60_lufa/common/avr/eeconfig.o
 .debug_frame   0x00000000000016b8       0xf0 obj_gh60_lufa/common/mousekey.o
 .debug_frame   0x00000000000017a8      0x2b8 obj_gh60_lufa/common/command.o

.debug_str      0x0000000000000000     0x41f5
 *(.debug_str)
 .debug_str     0x0000000000000000      0x371 /usr/lib/gcc/avr/6.2.0/../../../../avr/lib/avr5/crtatmega32u4.o
 .debug_str     0x0000000000000371      0xf0a obj_gh60_lufa/keymap_poker.o
                                        0xfaa (size before relaxing)
 .debug_str     0x000000000000127b       0xdd obj_gh60_lufa/matrix.o
                                        0x2e7 (size before relaxing)
 .debug_str     0x0000000000001358       0x16 obj_gh60_lufa/led.o
                                        0x19e (size before relaxing)
 .debug_str     0x000000000000136e      0x7b3 obj_gh60_lufa/protocol/lufa/lufa.o
                                        0xbd1 (size before relaxing)
 .debug_str     0x0000000000001b21      0x7d7 obj_gh60_lufa/protocol/lufa/descriptor.o
                                        0xad9 (size before relaxing)
 .debug_str     0x00000000000022f8       0x7b obj_gh60_lufa/protocol/lufa/LUFA-git/LUFA/Drivers/USB/Core/AVR8/Device_AVR8.o
                                        0x30c (size before relaxing)
 .debug_str     0x0000000000002373      0x4fd obj_gh60_lufa/protocol/lufa/LUFA-git/LUFA/Drivers/USB/Core/AVR8/EndpointStream_AVR8.o
                                        0x900 (size before relaxing)
 .debug_str     0x0000000000002870      0x22a obj_gh60_lufa/protocol/lufa/LUFA-git/LUFA/Drivers/USB/Core/AVR8/Endpoint_AVR8.o
                                        0x6c0 (size before relaxing)
 .debug_str     0x0000000000002a9a      0x19e obj_gh60_lufa/protocol/lufa/LUFA-git/LUFA/Drivers/USB/Core/AVR8/USBController_AVR8.o
                                        0x5e4 (size before relaxing)
 .debug_str     0x0000000000002c38      0x129 obj_gh60_lufa/protocol/lufa/LUFA-git/LUFA/Drivers/USB/Core/AVR8/USBInterrupt_AVR8.o
                                        0x6b4 (size before relaxing)
 .debug_str     0x0000000000002d61      0x417 obj_gh60_lufa/protocol/lufa/LUFA-git/LUFA/Drivers/USB/Core/DeviceStandardReq.o
                                        0xa14 (size before relaxing)
 .debug_str     0x0000000000003178       0x6e obj_gh60_lufa/protocol/lufa/LUFA-git/LUFA/Drivers/USB/Core/USBTask.o
                                        0x413 (size before relaxing)
 .debug_str     0x00000000000031e6       0xb9 obj_gh60_lufa/common/host.o
                                        0x4d7 (size before relaxing)
 .debug_str     0x000000000000329f      0x19b obj_gh60_lufa/common/keyboard.o
                                        0x58b (size before relaxing)
 .debug_str     0x000000000000343a       0x66 obj_gh60_lufa/common/matrix.o
                                        0x242 (size before relaxing)
 .debug_str     0x00000000000034a0      0x498 obj_gh60_lufa/common/action.o
                                       0x160e (size before relaxing)
 .debug_str     0x0000000000003938       0xec obj_gh60_lufa/common/action_tapping.o
                                        0xdd9 (size before relaxing)
 .debug_str     0x0000000000003a24       0x99 obj_gh60_lufa/common/action_macro.o
                                        0xccb (size before relaxing)
 .debug_str     0x0000000000003abd       0x91 obj_gh60_lufa/common/action_layer.o
                                        0x48c (size before relaxing)
 .debug_str     0x0000000000003b4e       0xb3 obj_gh60_lufa/common/action_util.o
                                        0x522 (size before relaxing)
 .debug_str     0x0000000000003c01       0x2c obj_gh60_lufa/common/print.o
                                        0x1d8 (size before relaxing)
 .debug_str     0x0000000000003c2d       0x1e obj_gh60_lufa/common/debug.o
                                        0x1f8 (size before relaxing)
 .debug_str     0x0000000000003c4b       0x58 obj_gh60_lufa/common/util.o
                                        0x204 (size before relaxing)
 .debug_str     0x0000000000003ca3       0x2c obj_gh60_lufa/common/hook.o
                                        0x29c (size before relaxing)
 .debug_str     0x0000000000003ccf       0x4e obj_gh60_lufa/common/avr/suspend.o
                                        0x553 (size before relaxing)
 .debug_str     0x0000000000003d1d       0x6a obj_gh60_lufa/common/avr/timer.o
                                        0x22b (size before relaxing)
 .debug_str     0x0000000000003d87       0x77 obj_gh60_lufa/common/avr/bootloader.o
                                        0x39e (size before relaxing)
 .debug_str     0x0000000000003dfe       0xf0 obj_gh60_lufa/common/keymap.o
                                       0x1287 (size before relaxing)
 .debug_str     0x0000000000003eee       0xe4 obj_gh60_lufa/common/bootmagic.o
                                        0xf8b (size before relaxing)
 .debug_str     0x0000000000003fd2       0x7b obj_gh60_lufa/common/avr/eeconfig.o
                                        0x2d2 (size before relaxing)
 .debug_str     0x000000000000404d       0x7c obj_gh60_lufa/common/mousekey.o
                                        0x7eb (size before relaxing)
 .debug_str     0x00000000000040c9      0x12c obj_gh60_lufa/common/command.o
                                        0xe88 (size before relaxing)

.debug_loc      0x0000000000000000     0x9178
 *(.debug_loc)
 .debug_loc     0x0000000000000000      0x1ba obj_gh60_lufa/matrix.o
 .debug_loc     0x00000000000001ba      0x87b obj_gh60_lufa/protocol/lufa/lufa.o
 .debug_loc     0x0000000000000a35      0x291 obj_gh60_lufa/protocol/lufa/descriptor.o
 .debug_loc     0x0000000000000cc6     0x24ff obj_gh60_lufa/protocol/lufa/LUFA-git/LUFA/Drivers/USB/Core/AVR8/EndpointStream_AVR8.o
 .debug_loc     0x00000000000031c5      0x440 obj_gh60_lufa/protocol/lufa/LUFA-git/LUFA/Drivers/USB/Core/AVR8/Endpoint_AVR8.o
 .debug_loc     0x0000000000003605       0xd5 obj_gh60_lufa/protocol/lufa/LUFA-git/LUFA/Drivers/USB/Core/AVR8/USBController_AVR8.o
 .debug_loc     0x00000000000036da      0x3e7 obj_gh60_lufa/protocol/lufa/LUFA-git/LUFA/Drivers/USB/Core/AVR8/USBInterrupt_AVR8.o
 .debug_loc     0x0000000000003ac1      0x305 obj_gh60_lufa/protocol/lufa/LUFA-git/LUFA/Drivers/USB/Core/DeviceStandardReq.o
 .debug_loc     0x0000000000003dc6       0x49 obj_gh60_lufa/protocol/lufa/LUFA-git/LUFA/Drivers/USB/Core/USBTask.o
 .debug_loc     0x0000000000003e0f      0x27c obj_gh60_lufa/common/host.o
 .debug_loc     0x000000000000408b      0x1cf obj_gh60_lufa/common/keyboard.o
 .debug_loc     0x000000000000425a      0x147 obj_gh60_lufa/common/matrix.o
 .debug_loc     0x00000000000043a1     0x1a7e obj_gh60_lufa/common/action.o
 .debug_loc     0x0000000000005e1f      0x5e8 obj_gh60_lufa/common/action_tapping.o
 .debug_loc     0x0000000000006407      0x4fd obj_gh60_lufa/common/action_macro.o
 .debug_loc     0x0000000000006904      0x53c obj_gh60_lufa/common/action_layer.o
 .debug_loc     0x0000000000006e40      0x3ed obj_gh60_lufa/common/action_util.o
 .debug_loc     0x000000000000722d      0x547 obj_gh60_lufa/common/util.o
 .debug_loc     0x0000000000007774       0x69 obj_gh60_lufa/common/hook.o
 .debug_loc     0x00000000000077dd       0xe4 obj_gh60_lufa/common/avr/suspend.o
 .debug_loc     0x00000000000078c1      0x1d4 obj_gh60_lufa/common/avr/timer.o
 .debug_loc     0x0000000000007a95       0x48 obj_gh60_lufa/common/avr/bootloader.o
 .debug_loc     0x0000000000007add      0x212 obj_gh60_lufa/common/keymap.o
 .debug_loc     0x0000000000007cef      0x31f obj_gh60_lufa/common/bootmagic.o
 .debug_loc     0x000000000000800e       0x84 obj_gh60_lufa/common/avr/eeconfig.o
 .debug_loc     0x0000000000008092      0x568 obj_gh60_lufa/common/mousekey.o
 .debug_loc     0x00000000000085fa      0xb7e obj_gh60_lufa/common/command.o

.debug_macinfo
 *(.debug_macinfo)

.debug_weaknames
 *(.debug_weaknames)

.debug_funcnames